data/saved_data/run_2025_05_03_2155_new_price_weights_with_clamps/firm_data.csv
Step,AgentID,FirmType,Profit,Inventory,ProductPrice,RevenuePerEmployee,ProductionLevel,NumEmployees,DemandReceived,InventoryDemandRatio,SellThroughRate,ProductionCapacity,Revenue,Costs,Markup,ProducedUnits,IncomeBracket,NumPeople,SpendRatio,PostTaxIncome,HouseholdExpense,HouseholdSavings,HealthLevel,Welfare,SkillLevel,SkillType,JobLevel,IsEmployed,Wage
5,46,luxury,-2172499.3363791257,396.29999999999995,113067.94467613187,52230.53607905707,0.1,24.0,3.0,,,373.0,1201302.3298183125,3373801.6661974383,0.24000000000000005,37.0,,,,,,,,,,,,0,
6,46,luxury,-3632645.6004829444,430.29999999999995,122375.89818829812,14133.493084516484,0.1,23.0,2.0,,,373.0,339203.8340283956,3971849.43451134,0.14000000000000004,37.0,,,,,,,,,,,,0,
7,46,luxury,-2235412.60057313,465.29999999999995,69712.72711121589,10641.382451156358,0.1,22.0,10.0,,,373.0,244751.79637659623,2480164.396949726,0.040000000000000036,37.0,,,,,,,,,,,,0,
8,46,luxury,-868723.0320309207,492.29999999999995,42743.48009273055,31687.60323237086,0.1,23.0,17.0,,,373.0,697127.2711121589,1565850.3031430796,0.01,37.0,,,,,,,,,,,,0,
9,46,luxury,-1840388.1324087393,512.3,70072.90532032716,31593.00702506171,0.1,22.0,11.0,,,373.0,726639.1615764194,2567027.2939851587,0.01,37.0,,,,,,,,,,,,0,
10,46,luxury,-832239.867188575,538.3,43758.70811379966,35036.45266016358,0.1,23.0,12.0,,,373.0,770801.9585235987,1603041.8257121737,0.01,37.0,,,,,,,,,,,,0,
11,46,luxury,-2018942.7303042556,563.3,69445.6116351605,22830.6303202433,0.1,22.0,16.0,,,373.0,525104.4973655959,2544047.2276698514,0.01,37.0,,,,,,,,,,,,0,
12,46,luxury,-491912.0395496057,584.3,43758.70811379966,50505.89937102582,0.1,23.0,15.0,,,373.0,1111129.786162568,1603041.8257121737,0.01,37.0,,,,,,,,,,,,0,
13,46,luxury,-1893638.428549461,606.3,69608.62624730796,28538.287900304123,0.1,22.0,6.0,,,373.0,656380.6217069948,2550019.050256456,0.01,37.0,,,,,,,,,,,,0,
14,46,luxury,-1185390.068228326,637.3,43758.70811379966,18984.17079472035,0.1,21.0,15.0,,,373.0,417651.75748384773,1603041.8257121737,0.01,37.0,,,,,,,,,,,,0,
15,46,luxury,54515.786836900166,659.3,16429.282886203047,31256.220081285468,0.1,22.0,18.0,,,373.0,656380.6217069948,601864.8348700947,0.01,37.0,,,,,,,,,,,,0,
16,46,luxury,-1223614.2143944134,678.3,41473.910214476186,13442.14054325704,0.1,21.0,8.0,,,373.0,295727.0919516549,1519341.3063460682,0.01,37.0,,,,,,,,,,,,0,
17,46,luxury,-270073.5531542852,707.3,16429.282886203047,15799.584843609975,0.1,22.0,57.0,,,373.0,331791.2817158095,601864.8348700947,0.01,37.0,,,,,,,,,,,,0,
18,46,luxury,-594651.001181466,687.3,41795.44013936622,42566.77838698062,0.1,23.0,27.0,,,373.0,936469.1245135737,1531120.1256950398,0.01,37.0,,,,,,,,,,,,0,
19,46,luxury,-1312363.702426946,697.3,66628.34933576711,49064.21233751687,0.1,24.0,34.0,,,373.0,1128476.883762888,2440840.586189834,0.01,37.0,,,,,,,,,,,,0,
20,46,luxury,-1664969.5959625775,700.3,107287.4784006748,94390.1615590034,0.1,25.0,6.0,,,373.0,2265363.8774160817,3930333.473378659,0.01,37.0,,,,,,,,,,,,0,
21,46,luxury,-4187829.148930044,731.3,131888.36290916408,25748.994816161954,0.1,24.0,13.0,,,373.0,643724.8704040488,4831554.019334093,0.01,37.0,,,,,,,,,,,,0,
22,46,luxury,-1627512.4143261348,755.3,91229.2338442564,71439.52990913055,0.1,25.0,10.0,,,373.0,1714548.717819133,3342061.132145268,0.01,37.0,,,,,,,,,,,,0,
23,46,luxury,-3908832.890676927,782.3,131603.68512991894,36491.69353770256,0.1,24.0,4.0,,,373.0,912292.338442564,4821125.229119491,0.01,37.0,,,,,,,,,,,,0,
24,46,luxury,-2815646.391625592,815.3,91229.2338442564,21933.947521653157,0.1,23.0,19.0,,,373.0,526414.7405196758,3342061.132145268,0.01,37.0,,,,,,,,,,,,0,
25,46,luxury,-707485.1431489622,833.3,66628.34933576711,75363.28013221182,0.1,24.0,22.0,,,373.0,1733355.4430408718,2440840.586189834,0.01,37.0,,,,,,,,,,,,0,
26,46,luxury,-2537424.4044307284,848.3,109277.85030913327,61075.98689111985,0.1,23.0,13.0,,,373.0,1465823.6853868763,4003248.0898176045,0.01,37.0,,,,,,,,,,,,0,
27,46,luxury,-1020228.5321711015,872.3,66628.34933576711,61765.741479075325,0.1,24.0,18.0,,,373.0,1420612.0540187324,2440840.586189834,0.01,37.0,,,,,,,,,,,,0,
28,46,luxury,-2776894.2298528906,891.3,108539.63390637924,49971.26200182533,0.1,23.0,4.0,,,373.0,1199310.288043808,3976204.5178966983,0.01,37.0,,,,,,,,,,,,0,
29,46,luxury,-2006682.050564317,924.3,66628.34933576711,18876.45807067465,0.1,22.0,18.0,,,373.0,434158.53562551696,2440840.586189834,0.01,37.0,,,,,,,,,,,,0,
30,46,luxury,-331809.8376512318,943.3,41795.44013936622,54514.10400199127,0.1,23.0,37.0,,,373.0,1199310.288043808,1531120.1256950398,0.01,37.0,,,,,,,,,,,,0,
31,46,luxury,-1011364.2298694493,943.3,69820.90271230694,67236.14283289349,0.1,24.0,33.0,,,373.0,1546431.2851565501,2557795.5150259994,0.01,37.0,,,,,,,,,,,,0,
32,46,luxury,-1730602.8969949256,947.3,110136.20278999628,96003.74122942204,0.1,25.0,22.0,,,373.0,2304089.789506129,4034692.6865010546,0.01,37.0,,,,,,,,,,,,0,
33,46,luxury,-2514039.040052451,962.3,134767.72220753977,96919.85845519674,0.1,26.0,11.0,,,373.0,2422996.4613799183,4937035.501432369,0.01,37.0,,,,,,,,,,,,0,
34,46,luxury,-4337028.235722311,988.3,158855.88521484908,57017.113241651445,0.1,25.0,6.0,,,373.0,1482444.9442829376,5819473.180005249,0.01,37.0,,,,,,,,,,,,0,
35,46,luxury,-3389440.6972410986,1019.3,118540.58513715972,38125.41245156378,0.1,24.0,5.0,,,373.0,953135.3112890945,4342576.008530193,0.01,37.0,,,,,,,,,,,,0,
36,46,luxury,-2867435.4042715156,1051.3,94452.42212985043,24695.955236908278,0.1,23.0,11.0,,,373.0,592702.9256857986,3460138.3299573143,0.01,37.0,,,,,,,,,,,,0,
37,46,luxury,-1518818.8715976446,1077.3,69820.90271230694,45172.89754036325,0.1,24.0,18.0,,,373.0,1038976.6434283548,2557795.5150259994,0.01,37.0,,,,,,,,,,,,0,
38,46,luxury,-2869081.970063594,1096.3,112624.77536349176,52365.677034230204,0.1,25.0,3.0,,,373.0,1256776.248821525,4125858.218885119,0.01,37.0,,,,,,,,,,,,0,
39,46,luxury,-4674913.078843742,1130.3,136835.54438237878,13514.973043619013,0.1,24.0,11.0,,,373.0,337874.3260904753,5012787.404934217,0.01,37.0,,,,,,,,,,,,0,
40,46,luxury,-1939533.712868931,1156.3,94031.67173119397,62716.29117525694,0.1,25.0,14.0,,,373.0,1505190.9882061665,3444724.7010750975,0.01,37.0,,,,,,,,,,,,0,
5,51,luxury,-840723.7329343345,238.0,54429.815782918406,91384.06161369167,0.1,13.0,23.0,,,420.0,1096608.7393643,1937332.4722986345,0.17999999999999994,42.0,,,,,,,,,,,,0,
6,51,luxury,-1297583.6333121571,257.0,67075.32418708288,96298.90484670179,0.1,14.0,34.0,,,420.0,1251885.7630071233,2549469.3963192804,0.10499999999999993,42.0,,,,,,,,,,,,0,
7,51,luxury,-618810.5331986439,265.0,71793.96061875905,162897.21588291557,0.1,15.0,14.0,,,420.0,2280561.022360818,2899371.555559462,0.039999999999999925,42.0,,,,,,,,,,,,0,
8,51,luxury,-2428901.191710012,293.0,82579.92200467722,67007.69657750845,0.1,14.0,17.0,,,420.0,1005115.4486626268,3434016.6403726386,0.01,42.0,,,,,,,,,,,,0,
9,51,luxury,-1088117.548156599,318.0,59926.09344124713,100275.61957710805,0.1,15.0,19.0,,,420.0,1403858.6740795127,2491976.2222361118,0.01,42.0,,,,,,,,,,,,0,
10,51,luxury,-2281804.6645305376,341.0,82252.48481097359,75906.3850255797,0.1,14.0,9.0,,,420.0,1138595.7753836955,3420400.439914233,0.01,42.0,,,,,,,,,,,,0,
11,51,luxury,-1751703.8589373494,374.0,59926.09344124713,52876.59737848303,0.1,13.0,35.0,,,420.0,740272.3632987624,2491976.2222361118,0.01,42.0,,,,,,,,,,,,0,
12,51,luxury,140082.13302071393,381.0,47069.15242209554,161339.48234181918,0.1,14.0,70.0,,,420.0,2097413.2704436495,1957331.1374229356,0.01,42.0,,,,,,,,,,,,0,
13,51,luxury,415058.55503438506,353.0,69251.90158108392,235345.76211047772,0.1,15.0,18.0,,,420.0,3294840.669546688,2879782.114512303,0.01,42.0,,,,,,,,,,,,0,
14,51,luxury,-2249624.710054589,377.0,84074.2962815463,83102.2818973007,0.1,14.0,19.0,,,420.0,1246534.2284595105,3496158.9385140995,0.01,42.0,,,,,,,,,,,,0,
15,51,luxury,-976296.3320753521,400.0,61891.5471225579,114100.83066781283,0.1,15.0,25.0,,,420.0,1597411.6293493796,2573707.9614247316,0.01,42.0,,,,,,,,,,,,0,
16,51,luxury,-1992425.0532918277,417.0,85121.68532256303,103152.57853759649,0.1,14.0,28.0,,,420.0,1547288.6780639475,3539713.731355775,0.01,42.0,,,,,,,,,,,,0,
17,51,luxury,-190300.77239296678,431.0,61891.5471225579,170243.37064512607,0.1,15.0,57.0,,,420.0,2383407.189031765,2573707.9614247316,0.01,42.0,,,,,,,,,,,,0,
18,51,luxury,-109603.45351954037,416.0,87471.32781973967,235187.87906572002,0.1,16.0,13.0,,,420.0,3527818.1859858003,3637421.6395053407,0.01,42.0,,,,,,,,,,,,0,
19,51,luxury,-3387205.9607321694,445.0,108799.4391860294,71070.45385353848,0.1,15.0,26.0,,,420.0,1137127.2616566157,4524333.222388785,0.01,42.0,,,,,,,,,,,,0,
20,51,luxury,-808636.2206685762,461.0,87471.32781973967,188585.69458911763,0.1,16.0,23.0,,,420.0,2828785.4188367645,3637421.6395053407,0.01,42.0,,,,,,,,,,,,0,
21,51,luxury,-2583585.6411395296,480.0,110509.05553081958,125740.03374087578,0.1,15.0,17.0,,,420.0,2011840.5398540124,4595426.180993542,0.01,42.0,,,,,,,,,,,,0,
22,51,luxury,-1758767.695481408,505.0,87471.32781973967,125243.59626826219,0.1,14.0,22.0,,,420.0,1878653.9440239328,3637421.6395053407,0.01,42.0,,,,,,,,,,,,0,
23,51,luxury,-649338.7493904589,525.0,61891.5471225579,137454.94371673377,0.1,15.0,36.0,,,420.0,1924369.2120342727,2573707.9614247316,0.01,42.0,,,,,,,,,,,,0,
24,51,luxury,-1301512.3253819905,531.0,84878.66707460355,148539.71309413898,0.1,16.0,11.0,,,420.0,2228095.6964120846,3529608.021794075,0.01,42.0,,,,,,,,,,,,0,
25,51,luxury,-3516143.9308493948,562.0,107007.31557974807,58354.083613789946,0.1,15.0,26.0,,,420.0,933665.3378206391,4449809.268670034,0.01,42.0,,,,,,,,,,,,0,
26,51,luxury,-747417.8167206254,578.0,84878.66707460355,185479.34700489664,0.1,16.0,31.0,,,420.0,2782190.2050734498,3529608.021794075,0.01,42.0,,,,,,,,,,,,0,
27,51,luxury,-1843522.931738202,589.0,107607.35998938243,164452.4174570444,0.1,15.0,17.0,,,420.0,2631238.67931271,4474761.611050912,0.01,42.0,,,,,,,,,,,,0,
28,51,luxury,-1700282.901974574,614.0,84878.66707460355,121955.00798796675,0.1,14.0,35.0,,,420.0,1829325.1198195012,3529608.021794075,0.01,42.0,,,,,,,,,,,,0,
29,51,luxury,397045.3861863925,621.0,61891.5471225579,212196.66768650888,0.1,15.0,24.0,,,420.0,2970753.347611124,2573707.9614247316,0.01,42.0,,,,,,,,,,,,0,
30,51,luxury,-2026471.00526878,639.0,84452.06507429063,99026.47539609265,0.1,14.0,31.0,,,420.0,1485397.1309413896,3511868.1362101696,0.01,42.0,,,,,,,,,,,,0,
31,51,luxury,44306.05587827787,650.0,61891.5471225579,187001.00123592926,0.1,15.0,55.0,,,420.0,2618014.0173030095,2573707.9614247316,0.01,42.0,,,,,,,,,,,,0,
32,51,luxury,-50322.22766851168,637.0,83069.06689367194,226935.6727827123,0.1,16.0,17.0,,,420.0,3404035.0917406846,3454357.3194091963,0.01,42.0,,,,,,,,,,,,0,
33,51,luxury,-2928895.648162292,662.0,104392.38997180648,88260.88357452644,0.1,15.0,27.0,,,420.0,1412174.137192423,4341069.785354715,0.01,42.0,,,,,,,,,,,,0,
34,51,luxury,-641825.8981314753,677.0,83214.87020069244,187906.30194925165,0.1,16.0,21.0,,,420.0,2818594.529238775,3460420.42737025,0.01,42.0,,,,,,,,,,,,0,
35,51,luxury,-2586336.547496794,698.0,104218.74299308825,109219.51713840883,0.1,15.0,20.0,,,420.0,1747512.2742145413,4333848.821711335,0.01,42.0,,,,,,,,,,,,0,
36,51,luxury,-1376045.5675084852,720.0,83214.87020069244,138958.32399078432,0.1,16.0,36.0,,,420.0,2084374.859861765,3460420.42737025,0.01,42.0,,,,,,,,,,,,0,
37,51,luxury,-1342874.984390391,726.0,104333.24548567207,187233.457951558,0.1,17.0,19.0,,,420.0,2995735.327224928,4338610.311615319,0.01,42.0,,,,,,,,,,,,0,
38,51,luxury,-2929601.8032533303,749.0,118120.30200084785,116607.74495457468,0.1,16.0,12.0,,,420.0,1982331.6642277695,4911933.4674811,0.01,42.0,,,,,,,,,,,,0,
39,51,luxury,-2616299.959225857,779.0,97001.92671586822,88590.22650063588,0.1,15.0,31.0,,,420.0,1417443.624010174,4033743.5832360312,0.01,42.0,,,,,,,,,,,,0,
40,51,luxury,-139971.3890985977,790.0,75678.60363773367,200470.64854612766,0.1,16.0,26.0,,,420.0,3007059.728191915,3147031.1172905127,0.01,42.0,,,,,,,,,,,,0,
5,52,luxury,-1816417.0166465738,197.7,106830.79327742131,54027.52854288466,0.1,12.0,20.0,,,287.0,702357.8710575006,2518774.8877040744,0.23000000000000004,29.0,,,,,,,,,,,,0,
6,52,luxury,851537.4693777836,206.7,51181.56884122495,178051.3221290355,0.1,13.0,21.0,,,287.0,2136615.8655484263,1285078.3961706427,0.15500000000000003,29.0,,,,,,,,,,,,0,
7,52,luxury,-1326741.053480883,214.7,90265.30237256893,82677.91889736337,0.1,12.0,15.0,,,287.0,1074812.9456657239,2401553.999146607,0.09000000000000002,29.0,,,,,,,,,,,,0,
8,52,luxury,68901.13941789116,228.7,45199.30754809476,112831.62796571116,0.1,13.0,50.0,,,287.0,1353979.5355885339,1285078.3961706427,0.02000000000000003,29.0,,,,,,,,,,,,0,
9,52,luxury,-145998.85537027335,207.7,83793.92383823577,173843.49056959522,0.1,14.0,15.0,,,287.0,2259965.3774047378,2405964.232775011,0.01,29.0,,,,,,,,,,,,0,
10,52,luxury,-1810777.6764153233,221.7,106840.11353409087,89779.20411239548,0.1,13.0,10.0,,,287.0,1256908.8575735367,3067686.53398886,0.01,29.0,,,,,,,,,,,,0,
11,52,luxury,-878399.562043583,240.7,67802.36677779206,82184.70271853142,0.1,12.0,20.0,,,287.0,1068401.1353409085,1946800.6973844916,0.01,29.0,,,,,,,,,,,,0,
12,52,luxury,70968.93938519852,249.7,44756.17708193696,113003.94462965343,0.1,13.0,23.0,,,287.0,1356047.3355558412,1285078.3961706427,0.01,29.0,,,,,,,,,,,,0,
13,52,luxury,-1494059.2820704128,255.7,87885.71657306195,79184.00560650387,0.1,12.0,15.0,,,287.0,1029392.0728845502,2523451.354954963,0.01,29.0,,,,,,,,,,,,0,
14,52,luxury,33207.352425286546,269.7,44756.17708193696,109857.14571632743,0.1,13.0,72.0,,,287.0,1318285.7485959292,1285078.3961706427,0.01,29.0,,,,,,,,,,,,0,
15,52,luxury,823929.4098310415,226.7,83534.4968942968,247880.36537688164,0.1,14.0,25.0,,,287.0,3222444.7498994614,2398515.34006842,0.01,29.0,,,,,,,,,,,,0,
16,52,luxury,-1008014.6882806881,230.7,107839.33703121214,149168.74445410143,0.1,13.0,13.0,,,287.0,2088362.42235742,3096377.110638108,0.01,29.0,,,,,,,,,,,,0,
17,52,luxury,-581028.7853345731,246.7,69061.01721885231,107839.33703121214,0.1,12.0,21.0,,,287.0,1401911.3814057577,1982940.1667403309,0.01,29.0,,,,,,,,,,,,0,
18,52,luxury,165202.96542525594,254.7,44756.17708193696,120856.78013299155,0.1,13.0,78.0,,,287.0,1450281.3615958986,1285078.3961706427,0.01,29.0,,,,,,,,,,,,0,
19,52,luxury,1082875.8340425403,205.7,83868.51566425904,268537.06249162176,0.1,14.0,23.0,,,287.0,3490981.812391083,2408105.978348543,0.01,29.0,,,,,,,,,,,,0,
20,52,luxury,-1133972.7950999273,211.7,106675.1046640193,137783.99001985413,0.1,13.0,10.0,,,287.0,1928975.860277958,3062948.6553778853,0.01,29.0,,,,,,,,,,,,0,
21,52,luxury,-873170.0265597922,230.7,67562.76608169719,82057.77281847637,0.1,12.0,27.0,,,287.0,1066751.0466401929,1939921.073199985,0.01,29.0,,,,,,,,,,,,0,
22,52,luxury,539116.2880351814,232.7,44756.17708193696,152016.22368381868,0.1,13.0,72.0,,,287.0,1824194.684205824,1285078.3961706427,0.01,29.0,,,,,,,,,,,,0,
23,52,luxury,823157.387397748,189.7,83561.38457121882,247880.36537688164,0.1,14.0,41.0,,,287.0,3222444.7498994614,2399287.3625017134,0.01,29.0,,,,,,,,,,,,0,
24,52,luxury,356808.87825238146,177.7,106893.09866090231,244715.48338714082,0.1,13.0,23.0,,,287.0,3426016.7674199715,3069207.88916759,0.01,29.0,,,,,,,,,,,,0,
25,52,luxury,503542.34636423364,183.7,68087.89117162046,189118.5591692887,0.1,12.0,37.0,,,287.0,2458541.269200753,1954998.9228365193,0.01,29.0,,,,,,,,,,,,0,
26,52,luxury,1234173.577179314,175.7,44756.17708193696,209937.66444582972,0.1,13.0,42.0,,,287.0,2519251.973349957,1285078.3961706427,0.01,29.0,,,,,,,,,,,,0,
27,52,luxury,-737339.6034513048,162.7,91147.23931566706,144596.87980318096,0.1,12.0,25.0,,,287.0,1879759.4374413525,2617099.0408926574,0.01,29.0,,,,,,,,,,,,0,
28,52,luxury,993602.5867210338,166.7,44756.17708193696,189890.08190763972,0.1,13.0,39.0,,,287.0,2278680.9828916765,1285078.3961706427,0.01,29.0,,,,,,,,,,,,0,
29,52,luxury,-879043.4899751011,156.7,91406.1947836605,134268.53124581088,0.1,12.0,17.0,,,287.0,1745490.9061955416,2624534.3961706427,0.01,29.0,,,,,,,,,,,,0,
30,52,luxury,268826.9151515858,168.7,44756.17708193696,129492.10927685238,0.1,11.0,32.0,,,287.0,1553905.3113222285,1285078.3961706427,0.01,29.0,,,,,,,,,,,,0,
31,52,luxury,968675.9111588129,165.7,16143.34334049856,130199.7878747257,0.1,12.0,174.0,,,287.0,1432197.6666219828,463521.75546316995,0.01,29.0,,,,,,,,,,,,0,
