data/saved_data/run_2025_05_03_2155_new_price_weights_with_clamps/firm_data.csv
Step,AgentID,FirmType,Profit,Inventory,ProductPrice,RevenuePerEmployee,ProductionLevel,NumEmployees,DemandReceived,InventoryDemandRatio,SellThroughRate,ProductionCapacity,Revenue,Costs,Markup,ProducedUnits,IncomeBracket,NumPeople,SpendRatio,PostTaxIncome,HouseholdExpense,HouseholdSavings,HealthLevel,Welfare,SkillLevel,SkillType,JobLevel,IsEmployed,Wage
6,32,necessity,957636.3904925659,2375.7,1688.1694000935477,34687.00207564472,0.1,40.0,136.0,,,3157.0,1352793.080950144,395156.6904575781,0.35,316.0,,,,,,,,,,,,0,
7,32,necessity,-337071.5940788326,2555.7,2420.868833679527,5739.775960318062,0.1,39.0,175.0,,,3157.0,229591.03841272247,566662.6324915551,0.35,316.0,,,,,,,,,,,,0,
8,32,necessity,87239.92357293109,2696.7,1437.2036825826826,10862.872971638904,0.1,40.0,120.0,,,3157.0,423652.04589391727,336412.1223209862,0.35,316.0,,,,,,,,,,,,0,
9,32,necessity,-431121.1860859761,2892.7,2578.60947853118,4311.611047748048,0.1,39.0,143.0,,,3157.0,172464.4419099219,603585.627995898,0.35,316.0,,,,,,,,,,,,0,
10,32,necessity,32329.033108972537,3065.7,1437.2036825826826,9454.901421280993,0.1,40.0,240.0,,,3157.0,368741.1554299587,336412.1223209862,0.35,316.0,,,,,,,,,,,,0,
11,32,necessity,-228397.45076446718,3141.7,2449.3371811376037,8623.222095496096,0.1,39.0,325.0,,,3157.0,344928.8838198438,573326.334584311,0.35,316.0,,,,,,,,,,,,0,
12,32,necessity,459622.461548735,3132.7,1437.2036825826826,20411.143176146696,0.1,40.0,280.0,,,3157.0,796034.5838697212,336412.1223209862,0.35,316.0,,,,,,,,,,,,0,
13,32,necessity,-165538.25821038504,3168.7,2426.3912600439326,10060.425778078778,0.1,39.0,129.0,,,3157.0,402417.03112315113,567955.2893335362,0.35,316.0,,,,,,,,,,,,0,
14,32,necessity,-23407.64977531886,3355.7,1437.2036825826826,8025.755706299162,0.1,38.0,280.0,,,3157.0,313004.4725456673,336412.1223209862,0.35,316.0,,,,,,,,,,,,0,
15,32,necessity,229862.815321164,3391.7,737.177818340205,10589.921871661873,0.1,39.0,468.0,,,3157.0,402417.03112315113,172554.21580198713,0.35,316.0,,,,,,,,,,,,0,
16,32,necessity,-58067.761445886455,3239.7,1721.9633603079903,8846.133820082461,0.1,38.0,199.0,,,3157.0,344999.218983216,403066.98042910243,0.35,316.0,,,,,,,,,,,,0,
17,32,necessity,170116.49289930295,3356.7,737.177818340205,9017.650228981318,0.1,39.0,1131.0,,,3157.0,342670.7087012901,172554.21580198713,0.35,316.0,,,,,,,,,,,,0,
18,32,necessity,433913.7225244732,2541.7,1708.153243090348,21378.156731865944,0.1,40.0,267.0,,,3157.0,833748.1125427719,399834.39001829864,0.35,316.0,,,,,,,,,,,,0,
19,32,necessity,-98689.68538766884,2590.7,2370.047181567157,11401.922897628074,0.1,39.0,288.0,,,3157.0,456076.91590512294,554766.6012927918,0.35,316.0,,,,,,,,,,,,0,
20,32,necessity,355087.16121486085,2618.7,1399.071756817015,17501.88687926516,0.1,40.0,512.0,,,3157.0,682573.5882913412,327486.42707648035,0.35,316.0,,,,,,,,,,,,0,
21,32,necessity,154201.07530823315,2422.7,2401.477671659267,17908.118487257794,0.1,41.0,432.0,,,3157.0,716324.7394903117,562123.6641820786,0.35,316.0,,,,,,,,,,,,0,
22,32,necessity,232395.1838569272,2306.7,3439.2666976758424,25303.37449162935,0.1,42.0,287.0,,,3157.0,1037438.3541568033,805043.1702998761,0.35,316.0,,,,,,,,,,,,0,
23,32,necessity,-200028.14435750945,2335.7,5071.461619701523,23501.65576745159,0.1,41.0,94.0,,,3157.0,987069.5422329667,1187097.6865904762,0.35,316.0,,,,,,,,,,,,0,
24,32,necessity,-328325.77804793295,2557.7,3439.2666976758424,11627.25346955959,0.1,40.0,286.0,,,3157.0,476717.3922519432,805043.1702998761,0.35,316.0,,,,,,,,,,,,0,
25,32,necessity,413224.34234101314,2587.7,2436.8607828335894,24590.756888382275,0.1,41.0,305.0,,,3157.0,983630.275535291,570405.9331942778,0.35,316.0,,,,,,,,,,,,0,
26,32,necessity,-119694.8233776926,2598.7,3686.5994784968866,18127.86679912792,0.1,40.0,262.0,,,3157.0,743242.5387642448,862937.3621419374,0.35,316.0,,,,,,,,,,,,0,
27,32,necessity,345871.20734204445,2652.7,2648.810452480311,24147.226584154607,0.1,41.0,280.0,,,3157.0,965889.0633661842,620017.8560241398,0.35,316.0,,,,,,,,,,,,0,
28,32,necessity,-119842.80084640137,2688.7,3680.500406644617,18089.437236450904,0.1,40.0,146.0,,,3157.0,741666.9266944871,861509.7275408885,0.35,316.0,,,,,,,,,,,,0,
29,32,necessity,-82664.79665402567,2858.7,2648.810452480311,13433.826484252853,0.1,39.0,246.0,,,3157.0,537353.0593701141,620017.8560241398,0.35,316.0,,,,,,,,,,,,0,
30,32,necessity,324120.9442336762,2928.7,1399.071756817015,16707.881315645038,0.1,40.0,285.0,,,3157.0,651607.3713101565,327486.42707648035,0.35,316.0,,,,,,,,,,,,0,
31,32,necessity,-192323.32610846817,2959.7,2525.0928675844484,9968.386267321232,0.1,39.0,385.0,,,3157.0,398735.4506928493,591058.7768013175,0.35,316.0,,,,,,,,,,,,0,
32,32,necessity,644674.3269435323,2890.7,1399.071756817015,24927.198821025966,0.1,40.0,842.0,,,3157.0,972160.7540200127,327486.42707648035,0.35,316.0,,,,,,,,,,,,0,
33,32,necessity,618199.6365931308,2364.7,2391.630867663113,29450.460480998165,0.1,41.0,168.0,,,3157.0,1178018.4192399266,559818.7826467959,0.35,316.0,,,,,,,,,,,,0,
34,32,necessity,-380493.55798359396,2512.7,3342.051204815806,9799.853311400073,0.1,40.0,273.0,,,3157.0,401793.985767403,782287.5437509969,0.35,316.0,,,,,,,,,,,,0,
35,32,necessity,352561.19626791927,2555.7,2391.630867663113,22809.49947286788,0.1,41.0,324.0,,,3157.0,912379.9789147151,559818.7826467959,0.35,316.0,,,,,,,,,,,,0,
36,32,necessity,-56644.16406541539,2547.7,3552.433415986465,18899.71710055728,0.1,40.0,224.0,,,3157.0,774888.4011228486,831532.565188264,0.35,316.0,,,,,,,,,,,,0,
37,32,necessity,196544.87556301977,2639.7,2559.8743051403676,19893.627129524204,0.1,41.0,257.0,,,3157.0,795745.0851809682,599200.2096179484,0.35,316.0,,,,,,,,,,,,0,
38,32,necessity,-171050.70831078128,2698.7,3541.3507685020713,16046.041376123767,0.1,40.0,208.0,,,3157.0,657887.6964210744,828938.4047318557,0.35,316.0,,,,,,,,,,,,0,
39,32,necessity,137400.75023048243,2806.7,2559.8743051403676,18415.02399621077,0.1,41.0,403.0,,,3157.0,736600.9598484308,599200.2096179484,0.35,316.0,,,,,,,,,,,,0,
40,32,necessity,189243.64259110566,2719.7,3598.79966650261,25161.691340769954,0.1,42.0,328.0,,,3157.0,1031629.3449715681,842385.7023804624,0.35,316.0,,,,,,,,,,,,0,
41,32,necessity,-47635.5149146975,2707.7,5246.381114607013,28104.911681258476,0.1,43.0,178.0,,,3157.0,1180406.290612856,1228041.8055275534,0.35,316.0,,,,,,,,,,,,0,
6,33,necessity,-215327.28794974042,1563.1999999999998,3740.394901793544,19922.167431497455,0.1,32.0,60.0,,,3152.0,657431.525239416,872758.8131891565,0.35,315.0,,,,,,,,,,,,0,
7,33,necessity,-410624.17504291085,1818.1999999999998,2721.633716290708,7013.2404408628945,0.1,31.0,42.0,,,3152.0,224423.69410761262,635047.8691505234,0.35,315.0,,,,,,,,,,,,0,
8,33,necessity,-274342.64384168375,2091.2,1665.648251537486,3687.3747123938624,0.1,30.0,241.0,,,3152.0,114308.61608420973,388651.2599258935,0.35,315.0,,,,,,,,,,,,0,
9,33,necessity,190928.93423343138,2165.2,902.1098302237425,13380.70762068447,0.1,31.0,448.0,,,3152.0,401421.2286205341,210492.29438710274,0.35,315.0,,,,,,,,,,,,0,
10,33,necessity,-60110.862512098916,2032.1999999999998,1989.6688499078864,13036.94206258828,0.1,30.0,87.0,,,3152.0,404145.20394023665,464256.06645233557,0.35,315.0,,,,,,,,,,,,0,
11,33,necessity,-37391.10444511662,2260.2,902.1098302237425,5770.039664732871,0.1,29.0,768.0,,,3152.0,173101.18994198611,210492.29438710274,0.35,315.0,,,,,,,,,,,,0,
12,33,necessity,-1114071.280066805,1807.1999999999998,7743.821245467752,23890.3568831667,0.1,30.0,14.0,,,3152.0,692820.3496118343,1806891.6296786391,0.35,315.0,,,,,,,,,,,,0,
13,33,necessity,-92956.88820898617,2108.2,863.0159357411299,3613.783247884951,0.1,29.0,666.0,,,3152.0,108413.49743654853,201370.3856455347,0.35,315.0,,,,,,,,,,,,0,
14,33,necessity,-1232123.0164750465,1757.1999999999998,7743.821245467752,19819.607351848015,0.1,30.0,46.0,,,3152.0,574768.6132035925,1806891.6296786391,0.35,315.0,,,,,,,,,,,,0,
15,33,necessity,186176.57864450166,2026.1999999999998,728.7394204594627,11873.859243050554,0.1,29.0,672.0,,,3152.0,356215.7772915166,170039.19864701494,0.35,315.0,,,,,,,,,,,,0,
16,33,necessity,-1317178.7391298802,1669.1999999999998,7743.821245467752,16886.65139823307,0.1,30.0,53.0,,,3152.0,489712.89054875897,1806891.6296786391,0.35,315.0,,,,,,,,,,,,0,
17,33,necessity,245618.47684721852,1931.1999999999998,706.3030655973639,13680.75086699303,0.1,29.0,406.0,,,3152.0,410422.5260097909,164804.04916257237,0.35,315.0,,,,,,,,,,,,0,
18,33,necessity,-1520132.5850461093,1840.1999999999998,7743.821245467752,9888.242918363094,0.1,28.0,71.0,,,3152.0,286759.0446325297,1806891.6296786391,0.35,315.0,,,,,,,,,,,,0,
19,33,necessity,-1194801.3212504287,2084.2,7476.911246315084,19636.118158150373,0.1,29.0,86.0,,,3152.0,549811.3084282104,1744612.6296786391,0.35,315.0,,,,,,,,,,,,0,
20,33,necessity,474108.57678039663,2313.2,723.881956570679,22172.909213210252,0.1,30.0,913.0,,,3152.0,643014.3671830973,168905.79040270063,0.35,315.0,,,,,,,,,,,,0,
21,33,necessity,212005.43876257562,1715.1999999999998,1923.8519406916234,22030.140878300997,0.1,29.0,135.0,,,3152.0,660904.2263490299,448898.7875864543,0.35,315.0,,,,,,,,,,,,0,
22,33,necessity,90814.22159066855,1895.1999999999998,723.881956570679,8955.862482529972,0.1,28.0,794.0,,,3152.0,259720.01199336917,168905.79040270063,0.35,315.0,,,,,,,,,,,,0,
23,33,necessity,-1169850.35616152,1416.1999999999998,7476.911246315084,20527.224054182825,0.1,29.0,69.0,,,3152.0,574762.2735171191,1744612.6296786391,0.35,315.0,,,,,,,,,,,,0,
24,33,necessity,337379.46216463944,1662.1999999999998,765.117485418633,17789.8922757152,0.1,28.0,558.0,,,3152.0,515906.8759957408,178527.41383110138,0.35,315.0,,,,,,,,,,,,0,
25,33,necessity,-1317677.072815042,1419.1999999999998,7476.911246315084,15247.698459414187,0.1,27.0,52.0,,,3152.0,426935.55686359724,1744612.6296786391,0.35,315.0,,,,,,,,,,,,0,
26,33,necessity,-1293534.2448702548,1682.1999999999998,7210.001247162418,14399.977215125346,0.1,26.0,128.0,,,3152.0,388799.38480838435,1682333.6296786391,0.35,315.0,,,,,,,,,,,,0,
27,33,necessity,-697174.4700418497,1869.1999999999998,6943.091248009751,35495.390755261134,0.1,27.0,48.0,,,3152.0,922880.1596367895,1620054.6296786391,0.35,315.0,,,,,,,,,,,,0,
28,33,necessity,136992.96119439488,2136.2,841.1803632299,12343.273329795114,0.1,26.0,444.0,,,3152.0,333268.3799044681,196275.4187100732,0.35,315.0,,,,,,,,,,,,0,
29,33,necessity,-1246570.5484045635,2007.1999999999998,6943.091248009751,14364.772356695215,0.1,27.0,20.0,,,3152.0,373484.0812740756,1620054.6296786391,0.35,315.0,,,,,,,,,,,,0,
30,33,necessity,-24220.643235385854,2302.2,698.9248614765376,5143.030554081297,0.1,26.0,535.0,,,3152.0,138861.82496019502,163082.46819558088,0.35,315.0,,,,,,,,,,,,0,
31,33,necessity,-1246129.8287886917,2082.2,6943.091248009751,14381.72311115183,0.1,27.0,120.0,,,3152.0,373924.80088994757,1620054.6296786391,0.35,315.0,,,,,,,,,,,,0,
32,33,necessity,650847.8823266595,2277.2,781.3845722387456,30858.183324487785,0.1,28.0,954.0,,,3152.0,833170.9497611702,182323.06743451068,0.35,315.0,,,,,,,,,,,,0,
33,33,necessity,325073.1673164161,1638.1999999999998,1801.5759139921993,26622.888639848687,0.1,27.0,160.0,,,3152.0,745440.8819157633,420367.71459934715,0.35,315.0,,,,,,,,,,,,0,
34,33,necessity,105929.0788042412,1793.1999999999998,781.3845722387456,10676.00541625007,0.1,26.0,660.0,,,3152.0,288252.1462387519,182323.06743451068,0.35,315.0,,,,,,,,,,,,0,
35,33,necessity,-1104340.812001067,1448.1999999999998,6943.091248009751,19835.146833752773,0.1,27.0,144.0,,,3152.0,515713.8176775721,1620054.6296786391,0.35,315.0,,,,,,,,,,,,0,
36,33,necessity,843017.1726597942,1619.1999999999998,671.9484280965877,37029.819989385345,0.1,28.0,983.0,,,3152.0,999805.1397134042,156787.96705361002,0.35,315.0,,,,,,,,,,,,0,
37,33,necessity,225700.16626221058,951.1999999999998,1863.5363021843052,23590.189457819488,0.1,27.0,258.0,,,3152.0,660525.3048189457,434825.1385567351,0.35,315.0,,,,,,,,,,,,0,
38,33,necessity,324004.39890994073,1008.1999999999998,671.9484280965877,17807.124665316693,0.1,26.0,597.0,,,3152.0,480792.36596355075,156787.96705361002,0.35,315.0,,,,,,,,,,,,0,
39,33,necessity,-1218901.4181049762,726.1999999999998,6943.091248009751,15428.96967591011,0.1,25.0,88.0,,,3152.0,401153.2115736629,1620054.6296786391,0.35,315.0,,,,,,,,,,,,0,
40,33,necessity,-946783.599853781,953.1999999999998,6676.181248857085,24439.68119299432,0.1,26.0,116.0,,,3152.0,610992.0298248581,1557775.6296786391,0.35,315.0,,,,,,,,,,,,0,
41,33,necessity,604394.9480005985,1152.1999999999998,728.7517556871742,29786.03941797776,0.1,27.0,593.0,,,3152.0,774437.0248674218,170042.07686682342,0.35,315.0,,,,,,,,,,,,0,
