data/saved_data/run_2025_05_03_2155_new_price_weights_with_clamps/firm_data.csv
Step,AgentID,FirmType,Profit,Inventory,ProductPrice,RevenuePerEmployee,ProductionLevel,NumEmployees,DemandReceived,InventoryDemandRatio,SellThroughRate,ProductionCapacity,Revenue,Costs,Markup,ProducedUnits,IncomeBracket,NumPeople,SpendRatio,PostTaxIncome,HouseholdExpense,HouseholdSavings,HealthLevel,Welfare,SkillLevel,SkillType,JobLevel,IsEmployed,Wage
6,39,luxury,-3137063.357889407,1332.0,77795.25896435647,20906.032112580106,0.1,53.0,5.0,,,600.0,1087113.6698541655,4224177.027743572,0.10500000000000004,60.0,,,,,,,,,,,,0,
7,39,luxury,-4756950.48661716,1387.0,86623.09937717054,7339.175373995894,0.1,52.0,7.0,,,600.0,388976.2948217824,5145926.781438942,0.01,60.0,,,,,,,,,,,,0,
8,39,luxury,-2943923.237335309,1440.0,59763.12870903549,11660.801839234495,0.1,53.0,17.0,,,600.0,606361.6956401938,3550284.9329755027,0.01,60.0,,,,,,,,,,,,0,
9,39,luxury,-4082281.665737316,1483.0,85820.62194180345,19169.30543497365,0.1,54.0,9.0,,,600.0,1015973.1880536033,5098254.853790919,0.01,60.0,,,,,,,,,,,,0,
10,39,luxury,-5356108.314489594,1534.0,103162.97913204173,14303.436990300575,0.1,53.0,8.0,,,600.0,772385.597476231,6128493.911965825,0.01,60.0,,,,,,,,,,,,0,
11,39,luxury,-3755220.158094074,1586.0,77105.48589927379,15571.770435025166,0.1,54.0,13.0,,,600.0,825303.8330563338,4580523.991150408,0.01,60.0,,,,,,,,,,,,0,
12,39,luxury,-5182204.8394931005,1633.0,104107.03022730777,18562.43179056591,0.1,55.0,1.0,,,600.0,1002371.3166905593,6184576.15618366,0.01,60.0,,,,,,,,,,,,0,
13,39,luxury,-7615348.827124693,1692.0,129944.17143302251,1892.8550950419594,0.1,54.0,1.0,,,600.0,104107.03022730777,7719455.857352002,0.01,60.0,,,,,,,,,,,,0,
14,39,luxury,-6054631.984750638,1751.0,104107.03022730777,2406.3735450559725,0.1,55.0,1.0,,,600.0,129944.17143302251,6184576.15618366,0.01,60.0,,,,,,,,,,,,0,
15,39,luxury,-7704216.268674657,1810.0,131440.1066741813,1892.8550950419594,0.1,54.0,3.0,,,600.0,104107.03022730777,7808323.298901965,0.01,60.0,,,,,,,,,,,,0,
16,39,luxury,-5809950.813846168,1867.0,104438.56234614729,7302.228148565628,0.1,55.0,0.0,,,600.0,394320.3200225439,6204271.133868712,0.01,60.0,,,,,,,,,,,,0,
17,39,luxury,-7754519.268207783,1927.0,130534.40550592427,0.0,0.1,54.0,5.0,,,600.0,0.0,7754519.268207783,0.01,60.0,,,,,,,,,,,,0,
18,39,luxury,-5551599.1063390905,1982.0,104438.56234614729,12086.519028326322,0.1,55.0,14.0,,,600.0,652672.0275296214,6204271.133868712,0.01,60.0,,,,,,,,,,,,0,
19,39,luxury,-6400551.580467475,2028.0,132355.30392485615,26584.361324473855,0.1,56.0,5.0,,,600.0,1462139.872846062,7862691.453313537,0.01,60.0,,,,,,,,,,,,0,
20,39,luxury,-8219173.839637578,2083.0,149495.9952226414,11817.437850433585,0.1,55.0,8.0,,,600.0,661776.5196242807,8880950.35926186,0.01,60.0,,,,,,,,,,,,0,
21,39,luxury,-6061235.254762423,2135.0,122162.91877576786,21744.872032384203,0.1,56.0,6.0,,,600.0,1195967.961781131,7257203.216543554,0.01,60.0,,,,,,,,,,,,0,
22,39,luxury,-8048486.203931882,2189.0,147821.30343218418,13088.884154546557,0.1,55.0,6.0,,,600.0,732977.5126546072,8781463.71658649,0.01,60.0,,,,,,,,,,,,0,
23,39,luxury,-6370275.39595045,2243.0,122162.91877576786,16125.960374420094,0.1,56.0,16.0,,,600.0,886927.8205931052,7257203.216543554,0.01,60.0,,,,,,,,,,,,0,
24,39,luxury,-6932220.880506429,2287.0,149594.9284522162,34903.69107879082,0.1,57.0,6.0,,,600.0,1954606.7004122857,8886827.580918714,0.01,60.0,,,,,,,,,,,,0,
25,39,luxury,-8923513.738409963,2341.0,165321.5662815488,15746.834573917495,0.1,56.0,12.0,,,600.0,897569.5707132972,9821083.309123259,0.01,60.0,,,,,,,,,,,,0,
26,39,luxury,-6207600.149369514,2389.0,137889.55660510037,35426.04991747474,0.1,57.0,2.0,,,600.0,1983858.7953785853,8191458.944748099,0.01,60.0,,,,,,,,,,,,0,
27,39,luxury,-9435635.130423782,2447.0,163475.4703765809,4838.230056319311,0.1,56.0,13.0,,,600.0,275779.11321020074,9711414.243633984,0.01,60.0,,,,,,,,,,,,0,
28,39,luxury,-6066277.8298525475,2494.0,137889.55660510037,37949.66276599199,0.1,57.0,10.0,,,600.0,2125181.1148955515,8191458.944748099,0.01,60.0,,,,,,,,,,,,0,
29,39,luxury,-8349695.078194675,2544.0,163764.60644872548,24191.150281596558,0.1,56.0,4.0,,,600.0,1378895.5660510038,9728590.644245679,0.01,60.0,,,,,,,,,,,,0,
30,39,luxury,-7536400.518953197,2600.0,137889.55660510037,11697.471889194678,0.1,55.0,1.0,,,600.0,655058.4257949019,8191458.944748099,0.01,60.0,,,,,,,,,,,,0,
31,39,luxury,-6395149.068698174,2659.0,109972.81502639154,2507.0828473654615,0.1,54.0,14.0,,,600.0,137889.55660510037,6533038.625303275,0.01,60.0,,,,,,,,,,,,0,
32,39,luxury,-4071669.4612384234,2705.0,94456.69443112149,28511.470562397808,0.1,55.0,7.0,,,600.0,1539619.4103694817,5611288.871607905,0.01,60.0,,,,,,,,,,,,0,
33,39,luxury,-6466407.084427957,2758.0,119981.33108198225,12021.761109415464,0.1,54.0,7.0,,,600.0,661196.8610178505,7127603.945445808,0.01,60.0,,,,,,,,,,,,0,
34,39,luxury,-4771419.554034029,2811.0,94456.69443112149,15553.13551062733,0.1,55.0,18.0,,,600.0,839869.3175738758,5611288.871607905,0.01,60.0,,,,,,,,,,,,0,
35,39,luxury,-5441780.954299357,2853.0,120223.68913960751,30913.09999563976,0.1,56.0,9.0,,,600.0,1700220.4997601868,7142001.454059544,0.01,60.0,,,,,,,,,,,,0,
36,39,luxury,-7557419.009659762,2904.0,145430.43981008252,19321.66432600835,0.1,55.0,10.0,,,600.0,1082013.2022564677,8639432.211916229,0.01,60.0,,,,,,,,,,,,0,
37,39,luxury,-5687697.055958719,2954.0,120223.68913960751,26441.89814728773,0.1,56.0,8.0,,,600.0,1454304.3981008253,7142001.454059544,0.01,60.0,,,,,,,,,,,,0,
38,39,luxury,-7680649.504180298,3006.0,145481.05436648458,17174.812734229643,0.1,55.0,5.0,,,600.0,961789.5131168601,8642439.017297158,0.01,60.0,,,,,,,,,,,,0,
39,39,luxury,-6414596.182227122,3061.0,120223.68913960751,13225.550396953142,0.1,54.0,5.0,,,600.0,727405.2718324228,7142001.454059544,0.01,60.0,,,,,,,,,,,,0,
40,39,luxury,-5010170.4259098675,3116.0,94456.69443112149,11131.823068482176,0.1,53.0,3.0,,,600.0,601118.4456980375,5611288.871607905,0.01,60.0,,,,,,,,,,,,0,
6,41,luxury,-1847292.0964689935,1121.6,55915.559235702145,15659.792040562315,0.1,41.0,23.0,,,476.0,626391.6816224926,2473683.778091486,0.08500000000000003,48.0,,,,,,,,,,,,0,
7,41,luxury,-2145851.5136759146,1146.6,75073.01603810211,31367.264937101205,0.1,42.0,13.0,,,476.0,1286057.8624211494,3431909.376097064,0.05000000000000004,48.0,,,,,,,,,,,,0,
8,41,luxury,-3083480.3140145065,1181.6,85417.16108995357,23236.885916555417,0.1,41.0,9.0,,,476.0,975949.2084953275,4059429.522509834,0.01,48.0,,,,,,,,,,,,0,
9,41,luxury,-1840343.7123592843,1220.6,54899.77268522464,18750.10853194103,0.1,40.0,27.0,,,476.0,768754.4498095822,2609098.1621688665,0.01,48.0,,,,,,,,,,,,0,
10,41,luxury,-168578.70166222332,1241.6,34737.10948057942,37057.34656252663,0.1,41.0,20.0,,,476.0,1482293.8625010652,1650872.5641632886,0.01,48.0,,,,,,,,,,,,0,
11,41,luxury,-1845065.9413021652,1269.6,53441.79497460617,16944.93145394118,0.1,40.0,23.0,,,476.0,694742.1896115884,2539808.1309137535,0.01,48.0,,,,,,,,,,,,0,
12,41,luxury,-421711.27974734665,1294.6,34737.10948057942,30729.032110398548,0.1,41.0,26.0,,,476.0,1229161.284415942,1650872.5641632886,0.01,48.0,,,,,,,,,,,,0,
13,41,luxury,-1633359.7278109104,1316.6,53372.70347242358,22028.410890123534,0.1,40.0,19.0,,,476.0,903164.8464950649,2536524.5743059753,0.01,48.0,,,,,,,,,,,,0,
14,41,luxury,-636791.1981872406,1345.6,34737.10948057942,25352.0341494012,0.1,41.0,16.0,,,476.0,1014081.3659760479,1650872.5641632886,0.01,48.0,,,,,,,,,,,,0,
15,41,luxury,-2021254.6974602751,1377.6,54225.39332115933,13555.945163152945,0.1,40.0,16.0,,,476.0,555793.7516892707,2577048.4491495457,0.01,48.0,,,,,,,,,,,,0,
16,41,luxury,-783266.2710247393,1409.6,34737.10948057942,21690.157328463734,0.1,41.0,28.0,,,476.0,867606.2931385493,1650872.5641632886,0.01,48.0,,,,,,,,,,,,0,
17,41,luxury,-1586705.825007489,1429.6,53852.88094823893,23722.904035517655,0.1,42.0,32.0,,,476.0,972639.0654562238,2559344.8904637126,0.01,48.0,,,,,,,,,,,,0,
18,41,luxury,-2300905.928572162,1445.6,84675.8336547736,41030.766436753474,0.1,43.0,8.0,,,476.0,1723292.1903436459,4024198.118915808,0.01,48.0,,,,,,,,,,,,0,
19,41,luxury,-4224253.787453597,1485.6,103139.10329415837,15753.643470655552,0.1,42.0,9.0,,,476.0,677406.6692381888,4901660.456691787,0.01,48.0,,,,,,,,,,,,0,
20,41,luxury,-2508555.2985922657,1524.6,72316.1505876237,22101.236420176792,0.1,43.0,5.0,,,476.0,928251.9296474253,3436807.228239691,0.01,48.0,,,,,,,,,,,,0,
21,41,luxury,-4615083.52040415,1567.6,104717.3085699663,8408.854719491128,0.1,42.0,4.0,,,476.0,361580.75293811853,4976664.273342269,0.01,48.0,,,,,,,,,,,,0,
22,41,luxury,-3017937.9939598255,1611.6,72316.1505876237,9973.077006663458,0.1,43.0,12.0,,,476.0,418869.2342798652,3436807.228239691,0.01,48.0,,,,,,,,,,,,0,
23,41,luxury,-4084706.9030941203,1647.6,104208.86693829572,20181.251326778707,0.1,44.0,20.0,,,476.0,867793.8070514845,4952500.710145605,0.01,48.0,,,,,,,,,,,,0,
24,41,luxury,-3732054.302020764,1675.6,122383.20489190293,47367.66679013442,0.1,45.0,6.0,,,476.0,2084177.3387659143,5816231.6407866785,0.01,48.0,,,,,,,,,,,,0,
25,41,luxury,-6589678.8562787175,1717.6,154108.70234120282,16317.760652253724,0.1,44.0,3.0,,,476.0,734299.2293514176,7323978.085630136,0.01,48.0,,,,,,,,,,,,0,
26,41,luxury,-5353905.53376307,1762.6,122383.20489190293,10507.411523263829,0.1,43.0,12.0,,,476.0,462326.10702360846,5816231.6407866785,0.01,48.0,,,,,,,,,,,,0,
27,41,luxury,-2831939.7001779303,1798.6,90490.48854123094,34153.45252797291,0.1,44.0,19.0,,,476.0,1468598.4587028353,4300538.158880766,0.01,48.0,,,,,,,,,,,,0,
28,41,luxury,-4043919.3861644715,1827.6,121268.14445550404,39075.43823371336,0.1,45.0,8.0,,,476.0,1719319.2822833878,5763238.66844786,0.01,48.0,,,,,,,,,,,,0,
29,41,luxury,-6327397.081061201,1867.6,153552.44803166328,21558.78123653405,0.1,44.0,13.0,,,476.0,970145.1556440323,7297542.236705233,0.01,48.0,,,,,,,,,,,,0,
30,41,luxury,-3838659.9027265157,1902.6,122774.79211739017,45367.76873662779,0.1,45.0,17.0,,,476.0,1996181.8244116227,5834841.727138138,0.01,48.0,,,,,,,,,,,,0,
31,41,luxury,-5314737.045651184,1933.6,155748.48835447498,46381.588133236284,0.1,46.0,3.0,,,476.0,2087171.4659956328,7401908.511646817,0.01,48.0,,,,,,,,,,,,0,
32,41,luxury,-7822178.960716653,1978.6,174423.30199197037,10157.510110074454,0.1,45.0,13.0,,,476.0,467245.4650634249,8289424.425780077,0.01,48.0,,,,,,,,,,,,0,
33,41,luxury,-4487617.931627089,2013.6,142138.9984158111,50388.95390879143,0.1,46.0,8.0,,,476.0,2267502.9258956145,6755120.857522704,0.01,48.0,,,,,,,,,,,,0,
34,41,luxury,-7070468.178283081,2053.6,172701.1623867605,24719.82581144541,0.1,45.0,4.0,,,476.0,1137111.9873264888,8207580.16560957,0.01,48.0,,,,,,,,,,,,0,
35,41,luxury,-6064316.207975661,2097.6,142138.9984158111,15351.214434378711,0.1,44.0,1.0,,,476.0,690804.649547042,6755120.857522704,0.01,48.0,,,,,,,,,,,,0,
36,41,luxury,-5045915.074598214,2144.6,109165.30217872631,3230.4317821775253,0.1,43.0,14.0,,,476.0,142138.9984158111,5188054.073014025,0.01,48.0,,,,,,,,,,,,0,
37,41,luxury,-2796008.9118707823,2178.6,90990.96422511908,35542.191407027174,0.1,44.0,6.0,,,476.0,1528314.2305021684,4324323.142372951,0.01,48.0,,,,,,,,,,,,0,
38,41,luxury,-5214606.420845686,2220.6,121211.61681347394,12407.858757970784,0.1,43.0,10.0,,,476.0,545945.7853507145,5760552.206196401,0.01,48.0,,,,,,,,,,,,0,
39,41,luxury,-3112206.9742382113,2258.6,90990.96422511908,28188.74809615673,0.1,44.0,15.0,,,476.0,1212116.1681347394,4324323.142372951,0.01,48.0,,,,,,,,,,,,0,
40,41,luxury,-4392248.038364753,2291.6,121139.23970041073,31019.646894926962,0.1,45.0,16.0,,,476.0,1364864.4633767863,5757112.50174154,0.01,48.0,,,,,,,,,,,,0,
6,44,luxury,-2955003.1059371475,1112.3,79538.54229890279,47355.2320075695,0.1,27.0,3.0,,,603.0,1231236.032196807,4186239.1381339547,0.14000000000000004,60.0,,,,,,,,,,,,0,
7,44,luxury,-5036755.4735255735,1169.3,91439.76421665681,8837.615810989199,0.1,26.0,8.0,,,603.0,238615.62689670836,5275371.100422282,0.040000000000000036,60.0,,,,,,,,,,,,0,
8,44,luxury,-2998911.9514916963,1221.3,62795.57171802714,28135.312066663635,0.1,27.0,15.0,,,603.0,731518.1137332545,3730430.0652249507,0.01,60.0,,,,,,,,,,,,0,
9,44,luxury,-4443671.806921772,1266.3,90657.6890976902,34886.4287322373,0.1,28.0,4.0,,,603.0,941933.5757704071,5385605.382692179,0.01,60.0,,,,,,,,,,,,0,
10,44,luxury,-6073248.061862836,1322.3,108337.29163498068,12951.098442527173,0.1,27.0,4.0,,,603.0,362630.7563907608,6435878.818253596,0.01,60.0,,,,,,,,,,,,0,
11,44,luxury,-4347354.334246447,1378.3,80475.17425531764,16049.969131108248,0.1,28.0,10.0,,,603.0,433349.1665399227,4780703.50078637,0.01,60.0,,,,,,,,,,,,0,
12,44,luxury,-5510075.779070414,1428.3,106299.59484233719,28741.133662613447,0.1,29.0,18.0,,,603.0,804751.7425531765,6314827.52162359,0.01,60.0,,,,,,,,,,,,0,
13,44,luxury,-5993954.498481428,1470.3,133107.0090765487,65979.05886765757,0.1,30.0,5.0,,,603.0,1913392.7071620694,7907347.205643497,0.01,60.0,,,,,,,,,,,,0,
14,44,luxury,-8198220.348912913,1525.3,149206.54665053447,22184.50151275812,0.1,29.0,1.0,,,603.0,665535.0453827436,8863755.394295657,0.01,60.0,,,,,,,,,,,,0,
15,44,luxury,-7180424.826807901,1584.3,123382.12606351491,5145.053332777051,0.1,28.0,4.0,,,603.0,149206.54665053447,7329631.373458436,0.01,60.0,,,,,,,,,,,,0,
16,44,luxury,-5243583.1851844685,1640.3,96574.71182930337,17626.01800907356,0.1,29.0,8.0,,,603.0,493528.50425405963,5737111.689438528,0.01,60.0,,,,,,,,,,,,0,
17,44,luxury,-6496390.423757752,1692.3,122361.29795358007,26641.29981498024,0.1,30.0,5.0,,,603.0,772597.694634427,7268988.11839218,0.01,60.0,,,,,,,,,,,,0,
18,44,luxury,-8178459.634857277,1747.3,147969.47729836588,20393.54965893001,0.1,29.0,8.0,,,603.0,611806.4897679003,8790266.124625178,0.01,60.0,,,,,,,,,,,,0,
19,44,luxury,-6085232.3000052525,1799.3,122361.29795358007,40819.16615127335,0.1,30.0,10.0,,,603.0,1183755.818386927,7268988.11839218,0.01,60.0,,,,,,,,,,,,0,
20,44,luxury,-7646288.683127047,1849.3,149310.00883299112,40787.09931786002,0.1,29.0,7.0,,,603.0,1223612.9795358006,8869901.662662847,0.01,60.0,,,,,,,,,,,,0,
21,44,luxury,-6292855.171878258,1902.3,123523.42270871441,36040.346959687515,0.1,28.0,11.0,,,603.0,1045170.0618309379,7338025.233709196,0.01,60.0,,,,,,,,,,,,0,
22,44,luxury,-4378354.03964267,1951.3,96574.71182930337,48527.05892128066,0.1,29.0,7.0,,,603.0,1358757.6497958584,5737111.689438528,0.01,60.0,,,,,,,,,,,,0,
23,44,luxury,-6681658.691771414,2004.3,123854.30612446662,23311.13733810771,0.1,28.0,5.0,,,603.0,676022.9828051236,7357681.674576538,0.01,60.0,,,,,,,,,,,,0,
24,44,luxury,-5117840.158816195,2059.3,96574.71182930337,22116.840379369038,0.1,27.0,8.0,,,603.0,619271.530622333,5737111.689438528,0.01,60.0,,,,,,,,,,,,0,
25,44,luxury,-4011221.3087139768,2111.3,80527.61854757115,28614.729430904703,0.1,28.0,23.0,,,603.0,772597.694634427,4783819.003348404,0.01,60.0,,,,,,,,,,,,0,
26,44,luxury,-4478898.567734772,2148.3,106572.40042832996,66147.6866640763,0.1,29.0,7.0,,,603.0,1852135.2265941366,6331033.794328909,0.01,60.0,,,,,,,,,,,,0,
27,44,luxury,-7211462.698268837,2201.3,133950.73437215143,25724.372517183096,0.1,28.0,6.0,,,603.0,746006.8029983097,7957469.501267147,0.01,60.0,,,,,,,,,,,,0,
28,44,luxury,-5606550.304053733,2255.3,107905.9524913926,28703.72879403245,0.1,29.0,11.0,,,603.0,803704.4062329086,6410254.7102866415,0.01,60.0,,,,,,,,,,,,0,
29,44,luxury,-6740270.4618689325,2304.3,133441.8027537532,40929.84404845926,0.1,30.0,12.0,,,603.0,1186965.4774053185,7927235.939274251,0.01,60.0,,,,,,,,,,,,0,
30,44,luxury,-7355321.463963335,2352.3,150769.81962014397,53376.72110150128,0.1,31.0,5.0,,,603.0,1601301.6330450384,8956623.097008374,0.01,60.0,,,,,,,,,,,,0,
31,44,luxury,-9121704.78257889,2407.3,166238.48755413198,24317.712841958706,0.1,30.0,1.0,,,603.0,753849.0981007199,9875553.88067961,0.01,60.0,,,,,,,,,,,,0,
32,44,luxury,-8192334.164137867,2466.3,140702.63729177136,5541.282918471066,0.1,29.0,6.0,,,603.0,166238.48755413198,8358572.651691999,0.01,60.0,,,,,,,,,,,,0,
33,44,luxury,-5887921.121003134,2520.3,113324.30334794996,29110.89047415959,0.1,30.0,14.0,,,603.0,844215.8237506282,6732136.944753762,0.01,60.0,,,,,,,,,,,,0,
34,44,luxury,-6683037.2441902375,2566.3,139204.55211279335,52884.67489570998,0.1,31.0,4.0,,,603.0,1586540.2468712993,8269577.491061537,0.01,60.0,,,,,,,,,,,,0,
35,44,luxury,-9226107.409314554,2622.3,164679.24515440234,17961.877691973335,0.1,30.0,7.0,,,603.0,556818.2084511734,9782925.617765728,0.01,60.0,,,,,,,,,,,,0,
36,44,luxury,-7116822.77498072,2675.3,139204.55211279335,38425.15720269388,0.1,31.0,5.0,,,603.0,1152754.7160808165,8269577.491061537,0.01,60.0,,,,,,,,,,,,0,
37,44,luxury,-9034371.256170861,2730.3,163794.96321845354,22452.34711496667,0.1,30.0,4.0,,,603.0,696022.7605639667,9730394.016734827,0.01,60.0,,,,,,,,,,,,0,
38,44,luxury,-7614397.638187722,2786.3,139204.55211279335,21839.328429127137,0.1,29.0,2.0,,,603.0,655179.8528738142,8269577.491061537,0.01,60.0,,,,,,,,,,,,0,
39,44,luxury,-6453727.840528175,2844.3,113324.30334794996,9600.313938813335,0.1,28.0,9.0,,,603.0,278409.1042255867,6732136.944753762,0.01,60.0,,,,,,,,,,,,0,
40,44,luxury,-4793287.430950976,2895.3,97855.63541396192,36425.66893326963,0.1,29.0,8.0,,,603.0,1019918.7301315496,5813206.161082526,0.01,60.0,,,,,,,,,,,,0,
