data/saved_data/run_2025_05_03_2155_new_price_weights_with_clamps/firm_data.csv
Step,AgentID,FirmType,Profit,Inventory,ProductPrice,RevenuePerEmployee,ProductionLevel,NumEmployees,DemandReceived,InventoryDemandRatio,SellThroughRate,ProductionCapacity,Revenue,Costs,Markup,ProducedUnits,IncomeBracket,NumPeople,SpendRatio,PostTaxIncome,HouseholdExpense,HouseholdSavings,HealthLevel,Welfare,SkillLevel,SkillType,JobLevel,IsEmployed,Wage
6,45,luxury,-3218070.9553242987,1088.0,69733.75157579129,14782.242552813175,0.1,42.0,2.0,,,630.0,635636.4297709665,3853707.385095265,0.14000000000000004,63.0,,,,,,,,,,,,0,
7,45,luxury,-2266818.7821196727,1149.0,39722.82058665532,3320.6548369424427,0.1,41.0,3.0,,,630.0,139467.50315158258,2406286.2852712553,0.040000000000000036,63.0,,,,,,,,,,,,0,
8,45,luxury,-1387644.360090821,1209.0,24156.84009384849,2906.5478478040477,0.1,40.0,46.0,,,630.0,119168.46175996595,1506812.821850787,0.01,63.0,,,,,,,,,,,,0,
9,45,luxury,511268.8206590358,1226.0,9618.178925022154,27780.36610792576,0.1,41.0,120.0,,,630.0,1111214.6443170304,599945.8236579946,0.01,63.0,,,,,,,,,,,,0,
10,45,luxury,-344468.9101669248,1169.0,24025.98191992535,28150.76758543069,0.1,42.0,59.0,,,630.0,1154181.4710026584,1498650.3811695832,0.01,63.0,,,,,,,,,,,,0,
11,45,luxury,-1029054.0628218474,1173.0,39223.06074341836,33750.784125609425,0.1,43.0,15.0,,,630.0,1417532.9332755958,2446586.996097443,0.01,63.0,,,,,,,,,,,,0,
12,45,luxury,-3419872.1172942165,1221.0,64258.73245192404,13682.46305002966,0.1,42.0,9.0,,,630.0,588345.9111512754,4008218.028445492,0.01,63.0,,,,,,,,,,,,0,
13,45,luxury,-1868258.4040301268,1275.0,39223.06074341836,13769.728382555153,0.1,43.0,12.0,,,630.0,578328.5920673164,2446586.996097443,0.01,63.0,,,,,,,,,,,,0,
14,45,luxury,-3433537.044383268,1326.0,62591.362673745534,10945.97044002373,0.1,42.0,37.0,,,630.0,470676.72892102035,3904213.7733042883,0.01,63.0,,,,,,,,,,,,0,
15,45,luxury,-130706.57716885861,1352.0,39223.06074341836,55140.00997449011,0.1,43.0,15.0,,,630.0,2315880.4189285845,2446586.996097443,0.01,63.0,,,,,,,,,,,,0,
16,45,luxury,-3360757.5446503446,1400.0,63311.0226515653,13682.46305002966,0.1,42.0,3.0,,,630.0,588345.9111512754,3949103.45580162,0.01,63.0,,,,,,,,,,,,0,
17,45,luxury,-2256653.9281427474,1460.0,39223.06074341836,4522.215903683235,0.1,41.0,15.0,,,630.0,189933.0679546959,2446586.996097443,0.01,63.0,,,,,,,,,,,,0,
18,45,luxury,-959536.5274345792,1508.0,24815.257748515167,14349.900271982326,0.1,42.0,4.0,,,630.0,588345.9111512754,1547882.4385858546,0.01,63.0,,,,,,,,,,,,0,
19,45,luxury,-2359875.5763265104,1567.0,39424.25292015117,2363.3578808109683,0.1,41.0,17.0,,,630.0,99261.03099406067,2459136.607320571,0.01,63.0,,,,,,,,,,,,0,
20,45,luxury,-877670.1389432846,1613.0,24815.257748515167,16346.641454696828,0.1,42.0,43.0,,,630.0,670212.29964257,1547882.4385858546,0.01,63.0,,,,,,,,,,,,0,
21,45,luxury,-1377267.2713026267,1633.0,39186.770616617396,25406.097218717907,0.1,43.0,22.0,,,630.0,1067056.0831861522,2444323.354488779,0.01,63.0,,,,,,,,,,,,0,
22,45,luxury,-3116730.0774620827,1674.0,63787.73583413026,20049.04543175774,0.1,42.0,21.0,,,630.0,862108.9535655827,3978839.0310276654,0.01,63.0,,,,,,,,,,,,0,
23,45,luxury,-1104780.9019720433,1716.0,39186.770616617396,31893.86791706513,0.1,43.0,20.0,,,630.0,1339542.4525167355,2444323.354488779,0.01,63.0,,,,,,,,,,,,0,
24,45,luxury,-3120359.971019409,1759.0,62589.46467612397,18226.40493796158,0.1,42.0,12.0,,,630.0,783735.412332348,3904095.383351757,0.01,63.0,,,,,,,,,,,,0,
25,45,luxury,-1693249.7783752913,1810.0,39186.770616617396,17882.704193178277,0.1,41.0,13.0,,,630.0,751073.5761134876,2444323.354488779,0.01,63.0,,,,,,,,,,,,0,
26,45,luxury,-1038454.4205698285,1860.0,24815.257748515167,12425.07361014698,0.1,40.0,79.0,,,630.0,509428.0180160261,1547882.4385858546,0.01,63.0,,,,,,,,,,,,0,
27,45,luxury,1360459.5384747037,1844.0,9618.178925022154,49010.13405331746,0.1,41.0,132.0,,,630.0,1960405.3621326983,599945.8236579946,0.01,63.0,,,,,,,,,,,,0,
28,45,luxury,-193249.4016487929,1775.0,23452.023595193823,30965.84434397376,0.1,40.0,58.0,,,630.0,1269599.6181029242,1462849.019751717,0.01,63.0,,,,,,,,,,,,0,
29,45,luxury,760271.5448632471,1780.0,9618.178925022154,34005.43421303104,0.1,41.0,47.0,,,630.0,1360217.3685212417,599945.8236579946,0.01,63.0,,,,,,,,,,,,0,
30,45,luxury,-1159601.7875495343,1796.0,25837.66243108205,11025.717304293688,0.1,40.0,63.0,,,630.0,452054.4094760412,1611656.1970255757,0.01,63.0,,,,,,,,,,,,0,
31,45,luxury,1027826.9095001747,1796.0,9618.178925022154,40694.318328954236,0.1,41.0,157.0,,,630.0,1627772.7331581693,599945.8236579946,0.01,63.0,,,,,,,,,,,,0,
32,45,luxury,24256.18997018854,1702.0,23819.934229379975,36830.58759093849,0.1,40.0,29.0,,,630.0,1510054.0912284781,1485797.9012582896,0.01,63.0,,,,,,,,,,,,0,
33,45,luxury,90832.2689940246,1736.0,9618.178925022154,17269.45231630048,0.1,39.0,39.0,,,630.0,690778.0926520192,599945.8236579946,0.01,63.0,,,,,,,,,,,,0,
34,45,luxury,-7779117.7527124295,1760.0,130726.489958249,9618.178925022154,0.1,38.0,2.0,,,630.0,375108.97807586397,8154226.730788293,0.01,63.0,,,,,,,,,,,,0,
35,45,luxury,-7683914.750871795,1821.0,127378.11556695335,6880.341576749947,0.1,37.0,5.0,,,630.0,261452.979916498,7945367.730788293,0.01,63.0,,,,,,,,,,,,0,
36,45,luxury,-7099618.152953527,1879.0,124029.7411756577,17213.2588603991,0.1,38.0,3.0,,,630.0,636890.5778347667,7736508.730788293,0.01,63.0,,,,,,,,,,,,0,
37,45,luxury,-536052.6753242793,1939.0,14559.100052074047,9791.821671762451,0.1,37.0,58.0,,,630.0,372089.2235269731,908141.8988512525,0.01,63.0,,,,,,,,,,,,0,
38,45,luxury,-6892080.927767999,1944.0,124029.7411756577,22822.37305460256,0.1,38.0,5.0,,,630.0,844427.8030202948,7736508.730788293,0.01,63.0,,,,,,,,,,,,0,
39,45,luxury,-284985.62089061644,2002.0,14510.883421043025,16319.70278627075,0.1,37.0,104.0,,,630.0,620148.7058782885,905134.3267689049,0.01,63.0,,,,,,,,,,,,0,
40,45,luxury,-6227376.854999819,1961.0,124029.7411756577,40787.347994283096,0.1,38.0,4.0,,,630.0,1509131.8757884747,7736508.730788293,0.01,63.0,,,,,,,,,,,,0,
6,59,luxury,-2505578.9051351943,387.9,112580.7961481011,41935.92328466412,0.1,15.0,10.0,,,339.0,670974.7725546259,3176553.67768982,0.20500000000000002,34.0,,,,,,,,,,,,0,
7,59,luxury,-1852440.716208809,411.9,96793.07917806388,75053.86409873406,0.1,16.0,9.0,,,339.0,1125807.961481011,2978248.67768982,0.10500000000000001,34.0,,,,,,,,,,,,0,
8,59,luxury,-16297.931739564869,436.9,26362.058071279505,54446.107037660935,0.1,15.0,104.0,,,339.0,871137.712602575,887435.6443421398,0.01,34.0,,,,,,,,,,,,0,
9,59,luxury,-236594.63827675162,366.9,88471.50223515343,182776.93596087123,0.1,16.0,14.0,,,339.0,2741654.0394130684,2978248.67768982,0.01,34.0,,,,,,,,,,,,0,
10,59,luxury,338964.972638997,386.9,26724.48213280001,77412.56445575925,0.1,15.0,60.0,,,339.0,1238601.031292148,899636.0586531509,0.01,34.0,,,,,,,,,,,,0,
11,59,luxury,-1374779.7497218195,360.9,88471.50223515343,106897.92853120003,0.1,16.0,19.0,,,339.0,1603468.9279680005,2978248.67768982,0.01,34.0,,,,,,,,,,,,0,
12,59,luxury,807225.2343824151,375.9,25955.01809445109,105059.9089042447,0.1,15.0,39.0,,,339.0,1680958.5424679152,873733.3080855001,0.01,34.0,,,,,,,,,,,,0,
13,59,luxury,-1966002.9720062276,370.9,88471.50223515343,67483.04704557284,0.1,14.0,16.0,,,339.0,1012245.7056835925,2978248.67768982,0.01,34.0,,,,,,,,,,,,0,
14,59,luxury,-1364399.6419273652,388.9,82580.67740841299,101110.28826874678,0.1,15.0,12.0,,,339.0,1415544.0357624548,2779943.67768982,0.01,34.0,,,,,,,,,,,,0,
15,59,luxury,153841.6642063685,410.9,24867.579543351585,66064.5419267304,0.1,14.0,83.0,,,339.0,990968.1289009559,837126.4646945874,0.01,34.0,,,,,,,,,,,,0,
16,59,luxury,-715934.5755916385,361.9,82580.67740841299,147429.22157844153,0.1,15.0,26.0,,,339.0,2064009.1020981816,2779943.67768982,0.01,34.0,,,,,,,,,,,,0,
17,59,luxury,1291390.2395233717,369.9,25419.541806081706,143139.84084124918,0.1,14.0,49.0,,,339.0,2147097.612618738,855707.373095366,0.01,34.0,,,,,,,,,,,,0,
18,59,luxury,-1534386.1291918166,354.9,82580.67740841299,88968.39632128597,0.1,13.0,15.0,,,339.0,1245557.5484980035,2779943.67768982,0.01,34.0,,,,,,,,,,,,0,
19,59,luxury,-1342928.5165636253,373.9,76689.85258167253,95285.39700970729,0.1,14.0,33.0,,,339.0,1238710.1611261948,2581638.67768982,0.01,34.0,,,,,,,,,,,,0,
20,59,luxury,1653586.6926554092,374.9,26057.358850230095,180768.9382282281,0.1,15.0,45.0,,,339.0,2530765.1351951933,877178.4425397841,0.01,34.0,,,,,,,,,,,,0,
21,59,luxury,-1156941.0097176877,363.9,69200.50912815628,78172.07655069028,0.1,14.0,51.0,,,339.0,1172581.1482603543,2329522.157978042,0.01,34.0,,,,,,,,,,,,0,
22,59,luxury,2652047.5229961863,346.9,26057.358850230095,252087.56896685503,0.1,15.0,56.0,,,339.0,3529225.9655359704,877178.4425397841,0.01,34.0,,,,,,,,,,,,0,
23,59,luxury,-894349.5975982565,324.9,69914.62471260673,97280.80637419237,0.1,14.0,47.0,,,339.0,1459212.0956128854,2353561.693211142,0.01,34.0,,,,,,,,,,,,0,
24,59,luxury,2408808.9189527323,311.9,26057.358850230095,234713.38296375118,0.1,15.0,101.0,,,339.0,3285987.3614925165,877178.4425397841,0.01,34.0,,,,,,,,,,,,0,
25,59,luxury,341176.8784990306,244.89999999999998,68044.77826421097,175452.88292488264,0.1,14.0,34.0,,,339.0,2631793.2438732395,2290616.365374209,0.01,34.0,,,,,,,,,,,,0,
26,59,luxury,1436344.0184433889,244.89999999999998,26057.358850230095,165251.60435594092,0.1,13.0,81.0,,,339.0,2313522.460983173,877178.4425397841,0.01,34.0,,,,,,,,,,,,0,
27,59,luxury,-470992.6108211824,197.89999999999998,76689.85258167253,162357.38975912597,0.1,12.0,25.0,,,339.0,2110646.0668686377,2581638.67768982,0.01,34.0,,,,,,,,,,,,0,
28,59,luxury,-466087.36314800684,206.89999999999998,70799.02775493209,159770.52621181778,0.1,11.0,40.0,,,339.0,1917246.3145418132,2383333.67768982,0.01,34.0,,,,,,,,,,,,0,
29,59,luxury,646932.4325074633,200.89999999999998,64908.20292819163,257451.01001793484,0.1,12.0,60.0,,,339.0,2831961.1101972833,2185028.67768982,0.01,34.0,,,,,,,,,,,,0,
30,59,luxury,3046359.452135357,174.89999999999998,25194.53016462272,324541.01464095816,0.1,13.0,134.0,,,339.0,3894492.175691498,848132.7235561411,0.01,34.0,,,,,,,,,,,,0,
31,59,luxury,1093404.1861695652,74.89999999999998,70158.31218372387,259697.46477380343,0.1,12.0,31.0,,,339.0,3376067.0420594444,2282662.855889879,0.045,34.0,,,,,,,,,,,,0,
6,60,luxury,-410839.0435437402,110.19999999999999,172332.0842626209,57438.31301829282,0.1,21.0,1.0,,,122.0,1263642.8864024421,1674481.9299461823,0.235,12.0,,,,,,,,,,,,0,
7,60,luxury,-715077.6683314787,121.19999999999999,83934.16543834482,8206.28972679147,0.1,20.0,14.0,,,122.0,172332.0842626209,887409.7525940996,0.13499999999999998,12.0,,,,,,,,,,,,0,
8,60,luxury,-2379234.4187050387,119.19999999999999,319888.1194784247,58753.915806841374,0.1,21.0,0.0,,,122.0,1175078.3161368275,3554312.7348418664,0.07999999999999999,12.0,,,,,,,,,,,,0,
9,60,luxury,-783570.1028184604,131.2,65950.47815801391,0.0,0.1,20.0,12.0,,,122.0,0.0,783570.1028184604,0.01,12.0,,,,,,,,,,,,0,
10,60,luxury,-2762906.9969456997,131.2,299154.63025297126,39570.28689480835,0.1,21.0,3.0,,,122.0,791405.737896167,3554312.7348418664,0.01,12.0,,,,,,,,,,,,0,
11,60,luxury,93960.70546518499,140.2,67628.17912654058,42736.375750424464,0.1,22.0,13.0,,,122.0,897463.8907589137,803503.1852937287,0.01,12.0,,,,,,,,,,,,0,
12,60,luxury,-1229369.4007564688,139.2,177468.40910225853,39962.10584750125,0.1,21.0,2.0,,,122.0,879166.3286450275,2108535.7294014962,0.01,12.0,,,,,,,,,,,,0,
13,60,luxury,-448566.36708921165,149.2,67628.17912654058,16901.753247834145,0.1,20.0,21.0,,,122.0,354936.81820451707,803503.1852937287,0.01,12.0,,,,,,,,,,,,0,
14,60,luxury,-2134120.9731845143,140.2,299154.63025297126,71009.5880828676,0.1,21.0,2.0,,,122.0,1420191.761657352,3554312.7348418664,0.01,12.0,,,,,,,,,,,,0,
15,60,luxury,-264401.50538764696,150.2,72611.4834117535,28490.917166949643,0.1,20.0,16.0,,,122.0,598309.2605059425,862710.7658935895,0.01,12.0,,,,,,,,,,,,0,
16,60,luxury,-2392529.0002538105,146.2,299154.63025297126,58089.186729402805,0.1,21.0,2.0,,,122.0,1161783.734588056,3554312.7348418664,0.01,12.0,,,,,,,,,,,,0,
17,60,luxury,-255672.9880552349,156.2,71876.833264163,28490.917166949643,0.1,20.0,38.0,,,122.0,598309.2605059425,853982.2485611774,0.01,12.0,,,,,,,,,,,,0,
18,60,luxury,-822993.0708036725,130.2,299154.63025297126,136565.9832019097,0.1,21.0,3.0,,,122.0,2731319.664038194,3554312.7348418664,0.01,12.0,,,,,,,,,,,,0,
19,60,luxury,116980.38032637024,139.2,65690.68998718158,42736.375750424464,0.1,20.0,12.0,,,122.0,897463.8907589137,780483.5104325435,0.01,12.0,,,,,,,,,,,,0,
20,60,luxury,-2766024.454995687,139.2,299154.63025297126,39414.41399230895,0.1,19.0,9.0,,,122.0,788288.2798461791,3554312.7348418664,0.01,12.0,,,,,,,,,,,,0,
21,60,luxury,-684254.0625651251,142.2,284200.9923324411,141704.8248566706,0.1,20.0,3.0,,,122.0,2692391.6722767414,3376645.7348418664,0.01,12.0,,,,,,,,,,,,0,
22,60,luxury,59314.75887228036,151.2,66768.41946148951,42630.148849866164,0.1,19.0,20.0,,,122.0,852602.9769973233,793288.218125043,0.01,12.0,,,,,,,,,,,,0,
23,60,luxury,-2041277.345612076,143.2,284200.9923324411,70282.5468015679,0.1,20.0,3.0,,,122.0,1335368.3892297903,3376645.7348418664,0.01,12.0,,,,,,,,,,,,0,
24,60,luxury,63371.22044057306,152.2,66427.00064127643,42630.148849866164,0.1,19.0,19.0,,,122.0,852602.9769973233,789231.7565567503,0.01,12.0,,,,,,,,,,,,0,
25,60,luxury,-2114532.7226576144,145.2,284200.9923324411,66427.00064127643,0.1,20.0,0.0,,,122.0,1262113.0121842523,3376645.7348418664,0.01,12.0,,,,,,,,,,,,0,
26,60,luxury,-755501.8608636013,157.2,63588.06799034745,0.0,0.1,19.0,29.0,,,122.0,0.0,755501.8608636013,0.01,12.0,,,,,,,,,,,,0,
27,60,luxury,-1532591.7631217903,140.2,284200.9923324411,97055.47219579348,0.1,20.0,4.0,,,122.0,1844053.9717200762,3376645.7348418664,0.01,12.0,,,,,,,,,,,,0,
28,60,luxury,372470.39859562553,148.2,64331.40350917306,56840.19846648822,0.1,19.0,26.0,,,122.0,1136803.9693297644,764333.5707341388,0.01,12.0,,,,,,,,,,,,0,
29,60,luxury,-1704029.243603367,134.2,284200.9923324411,88032.44690728944,0.1,20.0,8.0,,,122.0,1672616.4912384995,3376645.7348418664,0.01,12.0,,,,,,,,,,,,0,
30,60,luxury,1516237.0265923222,138.2,63745.379786874924,113680.39693297644,0.1,21.0,55.0,,,122.0,2273607.9386595287,757370.9120672067,0.01,12.0,,,,,,,,,,,,0,
31,60,luxury,1425891.8983912517,95.19999999999999,175075.40455919443,166952.18515610098,0.1,22.0,10.0,,,122.0,3505995.8882781207,2080103.989886869,0.01,12.0,,,,,,,,,,,,0,
32,60,luxury,-1125677.9913852084,97.19999999999999,242099.67627060402,79579.72934508837,0.1,21.0,5.0,,,122.0,1750754.0455919444,2876432.036977153,0.01,12.0,,,,,,,,,,,,0,
33,60,luxury,-343200.5778044702,104.19999999999999,130769.6514982845,57642.780064429535,0.1,20.0,16.0,,,122.0,1210498.3813530202,1553698.9591574904,0.01,12.0,,,,,,,,,,,,0,
34,60,luxury,1295013.642040402,100.19999999999999,67106.14355377734,104615.7211986276,0.1,21.0,23.0,,,122.0,2092314.423972552,797300.78193215,0.01,12.0,,,,,,,,,,,,0,
35,60,luxury,-582961.0428476636,89.19999999999999,178972.18242151712,73497.20484461327,0.1,20.0,5.0,,,122.0,1543441.3017368787,2126402.3445845423,0.01,12.0,,,,,,,,,,,,0,
36,60,luxury,97560.13017543557,96.19999999999999,67106.14355377734,44743.04560537928,0.1,19.0,27.0,,,122.0,894860.9121075856,797300.78193215,0.01,12.0,,,,,,,,,,,,0,
37,60,luxury,-1564779.8588898783,81.19999999999999,284200.9923324411,95361.3618922099,0.1,20.0,6.0,,,122.0,1811865.8759519882,3376645.7348418664,0.01,12.0,,,,,,,,,,,,0,
38,60,luxury,934984.6061825309,87.19999999999999,64826.95803860658,85260.29769973233,0.1,19.0,47.0,,,122.0,1705205.9539946467,770221.3478121158,0.01,12.0,,,,,,,,,,,,0,
39,60,luxury,-329778.7070273571,52.19999999999999,285607.9279380472,160361.4225165531,0.1,20.0,3.0,,,122.0,3046867.0278145093,3376645.7348418664,0.015,12.0,,,,,,,,,,,,0,
40,60,luxury,108581.77861008921,61.19999999999999,62977.0301899219,42841.18919070708,0.1,19.0,32.0,,,122.0,856823.7838141416,748242.0052040524,0.01,12.0,,,,,,,,,,,,0,
