data/saved_data/run_2025_05_03_2155_new_price_weights_with_clamps/firm_data.csv
Step,AgentID,FirmType,Profit,Inventory,ProductPrice,RevenuePerEmployee,ProductionLevel,NumEmployees,DemandReceived,InventoryDemandRatio,SellThroughRate,ProductionCapacity,Revenue,Costs,Markup,ProducedUnits,IncomeBracket,NumPeople,SpendRatio,PostTaxIncome,HouseholdExpense,HouseholdSavings,HealthLevel,Welfare,SkillLevel,SkillType,JobLevel,IsEmployed,Wage
6,61,luxury,-1964025.4377155092,283.6,229632.18387687908,65147.40622183398,0.1,25.0,2.0,,,176.0,1693832.5617676836,3657857.999483193,0.12999999999999995,18.0,,,,,,,,,,,,0,
7,61,luxury,-1752987.8009547158,299.6,126589.97817665277,18370.574710150326,0.1,24.0,13.0,,,176.0,459264.36775375815,2212252.168708474,0.029999999999999943,18.0,,,,,,,,,,,,0,
8,61,luxury,273958.87921517086,304.6,76968.21491577297,68569.57151235359,0.1,25.0,9.0,,,176.0,1645669.716296486,1371710.8370813152,0.01,18.0,,,,,,,,,,,,0,
9,61,luxury,-2155606.019581029,313.6,159822.3885299348,27708.55736967827,0.1,24.0,7.0,,,176.0,692713.9342419568,2848319.9538229858,0.01,18.0,,,,,,,,,,,,0,
10,61,luxury,-252954.11737177172,324.6,76968.21491577297,46614.86332123098,0.1,25.0,11.0,,,176.0,1118756.7197095435,1371710.8370813152,0.01,18.0,,,,,,,,,,,,0,
11,61,luxury,-1994594.3119617766,331.6,159425.3868539025,33866.01456294011,0.1,24.0,5.0,,,176.0,846650.3640735027,2841244.6760352794,0.01,18.0,,,,,,,,,,,,0,
12,61,luxury,-574583.9028118027,344.6,76968.21491577297,33213.62226122969,0.1,23.0,24.0,,,176.0,797126.9342695125,1371710.8370813152,0.01,18.0,,,,,,,,,,,,0,
13,61,luxury,1316450.8801766364,338.6,29783.00615538489,80314.65904254571,0.1,24.0,52.0,,,176.0,1847237.1579785515,530786.2778019151,0.01,18.0,,,,,,,,,,,,0,
14,61,luxury,83254.79794635018,304.6,82228.6697292406,64529.84667000059,0.1,23.0,21.0,,,176.0,1548716.3200800142,1465461.522133664,0.01,18.0,,,,,,,,,,,,0,
15,61,luxury,1196015.7865121376,301.6,29783.00615538489,75078.35062235012,0.1,24.0,52.0,,,176.0,1726802.0643140527,530786.2778019151,0.01,18.0,,,,,,,,,,,,0,
16,61,luxury,188343.90797520196,267.6,76332.0033274365,64529.84667000059,0.1,23.0,12.0,,,176.0,1548716.3200800142,1360372.4121048122,0.01,18.0,,,,,,,,,,,,0,
17,61,luxury,385197.76212732284,273.6,29783.00615538489,39825.39304040165,0.1,22.0,87.0,,,176.0,915984.0399292379,530786.2778019151,0.01,18.0,,,,,,,,,,,,0,
18,61,luxury,-1753739.4805290415,204.60000000000002,243794.96568961313,117778.25161447661,0.1,23.0,5.0,,,176.0,2591121.5355184856,4344861.016047527,0.01,18.0,,,,,,,,,,,,0,
19,61,luxury,378422.8775525711,217.60000000000002,47164.30129111934,52998.9055846985,0.1,22.0,49.0,,,176.0,1218974.8284480656,840551.9508954944,0.01,18.0,,,,,,,,,,,,0,
20,61,luxury,-2033810.2527826796,186.60000000000002,243794.96568961313,105047.76196658397,0.1,23.0,5.0,,,176.0,2311050.7632648475,4344861.016047527,0.01,18.0,,,,,,,,,,,,0,
21,61,luxury,384616.0139826295,199.60000000000002,46816.79754407182,52998.9055846985,0.1,22.0,61.0,,,176.0,1218974.8284480656,834358.814465436,0.01,18.0,,,,,,,,,,,,0,
22,61,luxury,-1489036.3658591458,156.60000000000002,243794.96568961313,129810.21137219915,0.1,23.0,5.0,,,176.0,2855824.6501883813,4344861.016047527,0.01,18.0,,,,,,,,,,,,0,
23,61,luxury,378314.8511426789,169.60000000000002,47170.36277267098,52998.9055846985,0.1,22.0,63.0,,,176.0,1218974.8284480656,840659.9773053867,0.01,18.0,,,,,,,,,,,,0,
24,61,luxury,-1373128.1613692553,124.60000000000002,243794.96568961313,135078.76612173964,0.1,23.0,4.0,,,176.0,2971732.854678272,4344861.016047527,0.01,18.0,,,,,,,,,,,,0,
25,61,luxury,88081.99864732532,138.60000000000002,49776.044054233025,42399.124467758804,0.1,22.0,66.0,,,176.0,975179.8627584525,887097.8641111272,0.01,18.0,,,,,,,,,,,,0,
26,61,luxury,-1059642.1084681475,90.60000000000002,247415.68300183507,149328.13216269907,0.1,23.0,3.0,,,176.0,3285218.9075793796,4344861.016047527,0.025,18.0,,,,,,,,,,,,0,
27,61,luxury,-244960.34120843746,105.60000000000002,55393.30048459897,32271.610826326312,0.1,22.0,49.0,,,176.0,742247.0490055052,987207.3902139426,0.01,18.0,,,,,,,,,,,,0,
28,61,luxury,-1630589.2923021773,74.60000000000002,243794.96568961313,123375.98744297045,0.1,23.0,5.0,,,176.0,2714271.72374535,4344861.016047527,0.01,18.0,,,,,,,,,,,,0,
29,61,luxury,361961.75275450014,87.60000000000002,48087.953242363765,52998.9055846985,0.1,22.0,84.0,,,176.0,1218974.8284480656,857013.0756935654,0.01,18.0,,,,,,,,,,,,0,
7,25,necessity,116852.84080806782,2592.2999999999993,2164.8298290718512,24247.601782505837,0.1,33.0,331.0,,,4113.0,775923.2570401868,659070.416232119,0.35,411.0,,,,,,,,,,,,0,
8,25,necessity,-184909.4253838727,2672.2999999999993,2961.0265947152275,21713.899194629783,0.1,32.0,144.0,,,4113.0,716558.6734227828,901468.0988066555,0.35,411.0,,,,,,,,,,,,0,
9,25,necessity,-232682.58659312618,2939.2999999999993,2164.8298290718512,13324.619676218525,0.1,31.0,106.0,,,4113.0,426387.8296389928,659070.416232119,0.35,411.0,,,,,,,,,,,,0,
10,25,necessity,-149004.87373581922,3244.2999999999993,1243.1720847697466,7402.321351019878,0.1,30.0,231.0,,,4113.0,229471.96188161624,378476.83561743546,0.35,411.0,,,,,,,,,,,,0,
11,25,necessity,83556.02585632596,3424.2999999999993,668.8140609746749,9572.425052727049,0.1,31.0,860.0,,,4113.0,287172.75158181146,203616.7257254855,0.35,411.0,,,,,,,,,,,,0,
12,25,necessity,76634.08933379425,2975.2999999999993,1637.5598602272883,18554.196530265173,0.1,32.0,315.0,,,4113.0,575180.0924382204,498546.00310442614,0.35,411.0,,,,,,,,,,,,0,
13,25,necessity,-146151.5332246116,3071.2999999999993,2174.396346083902,16119.729874112369,0.1,31.0,172.0,,,4113.0,515831.3559715958,661982.8891962074,0.35,411.0,,,,,,,,,,,,0,
14,25,necessity,6942.559709164372,3310.2999999999993,1205.6505468312885,12064.392629884875,0.1,30.0,355.0,,,4113.0,373996.1715264311,367053.61181726673,0.35,411.0,,,,,,,,,,,,0,
15,25,necessity,224389.21839962192,3366.2999999999993,668.8140609746749,14266.864804170247,0.1,31.0,1075.0,,,4113.0,428005.94412510743,203616.7257254855,0.35,411.0,,,,,,,,,,,,0,
16,25,necessity,256132.33143462928,2702.2999999999993,1520.2865134609756,23192.74566283147,0.1,32.0,281.0,,,4113.0,718975.1155477755,462842.78411314625,0.35,411.0,,,,,,,,,,,,0,
17,25,necessity,-211939.7244414399,2832.2999999999993,2099.3657293868596,13350.015946329191,0.1,31.0,109.0,,,4113.0,427200.5102825341,639140.234723974,0.35,411.0,,,,,,,,,,,,0,
18,25,necessity,-151083.3118331455,3134.2999999999993,1247.8932769005585,7381.640790424764,0.1,30.0,115.0,,,4113.0,228830.8645031677,379914.1763363132,0.35,411.0,,,,,,,,,,,,0,
19,25,necessity,-60108.99888192129,3430.2999999999993,668.8140609746749,4783.590894785474,0.1,29.0,731.0,,,4113.0,143507.72684356422,203616.7257254855,0.35,411.0,,,,,,,,,,,,0,
20,25,necessity,-1333729.7596023798,3110.2999999999993,5986.750183818299,16858.72684732715,0.1,30.0,85.0,,,4113.0,488903.0785724874,1822632.8381748672,0.35,411.0,,,,,,,,,,,,0,
21,25,necessity,305467.1606541891,3436.2999999999993,668.1238833135538,16962.458854151846,0.1,31.0,733.0,,,4113.0,508873.7656245554,203406.6049703663,0.35,411.0,,,,,,,,,,,,0,
22,25,necessity,53922.60762335209,3114.2999999999993,1431.4999197321217,15797.896982865645,0.1,30.0,900.0,,,4113.0,489734.806468835,435812.1988454829,0.35,411.0,,,,,,,,,,,,0,
23,25,necessity,1084943.3227885433,2625.2999999999993,668.1238833135538,42944.99759196365,0.1,31.0,819.0,,,4113.0,1288349.9277589095,203406.6049703663,0.35,411.0,,,,,,,,,,,,0,
24,25,necessity,111607.82033771201,2217.2999999999993,1430.7557486592793,17651.401949477437,0.1,30.0,420.0,,,4113.0,547193.4604338006,435585.6400960886,0.35,411.0,,,,,,,,,,,,0,
25,25,necessity,397510.809466531,2208.2999999999993,668.1238833135538,20030.58048122991,0.1,31.0,688.0,,,4113.0,600917.4144368973,203406.6049703663,0.35,411.0,,,,,,,,,,,,0,
26,25,necessity,24164.01598576171,1931.2999999999993,1430.4915810471023,14828.039732894356,0.1,30.0,60.0,,,4113.0,459669.23171972507,435505.21573396336,0.35,411.0,,,,,,,,,,,,0,
27,25,necessity,-117577.11010754015,2282.2999999999993,668.1238833135538,2860.9831620942045,0.1,29.0,775.0,,,4113.0,85829.49486282613,203406.6049703663,0.35,411.0,,,,,,,,,,,,0,
28,25,necessity,-1304836.828606863,1918.2999999999993,5986.750183818299,17855.034812689802,0.1,30.0,112.0,,,4113.0,517796.0095680042,1822632.8381748672,0.35,411.0,,,,,,,,,,,,0,
29,25,necessity,481202.93068853504,2217.2999999999993,621.8313156739006,22350.534019588315,0.1,31.0,1806.0,,,4113.0,670516.0205876494,189313.0898991144,0.35,411.0,,,,,,,,,,,,0,
30,25,necessity,684489.0363134593,822.2999999999993,1440.4543315837293,36226.6889066795,0.1,32.0,360.0,,,4113.0,1123027.3561070645,438538.3197936052,0.35,411.0,,,,,,,,,,,,0,
33,25,necessity,128281.65547596532,1376.2999999999993,711.9727633182059,11501.260279711323,0.1,29.0,1173.0,,,4113.0,345037.80839133967,216756.15291537435,0.35,411.0,,,,,,,,,,,,0,
7,40,luxury,164925.6271349747,249.0,22278.946902282358,87380.26686646714,0.1,13.0,47.0,,,470.0,1048563.2023976056,883637.5752626309,0.18500000000000005,47.0,,,,,,,,,,,,0,
8,40,luxury,-1266266.20476038,249.0,57096.10479868874,80546.96187748238,0.1,12.0,18.0,,,470.0,1047110.5044072708,2313376.709167651,0.16000000000000006,47.0,,,,,,,,,,,,0,
9,40,luxury,144092.3111137664,278.0,19928.84701807536,85644.1571980331,0.1,13.0,29.0,,,470.0,1027729.8863763973,883637.5752626309,0.06000000000000005,47.0,,,,,,,,,,,,0,
10,40,luxury,-1785061.703987152,296.0,50779.32339164102,44456.65873262965,0.1,12.0,9.0,,,470.0,577936.5635241854,2362998.2675113375,0.01,47.0,,,,,,,,,,,,0,
11,40,luxury,-426623.6647378618,334.0,18988.80706439256,38084.49254373076,0.1,11.0,69.0,,,470.0,457013.91052476916,883637.5752626309,0.01,47.0,,,,,,,,,,,,0,
12,40,luxury,-946184.7262979734,312.0,48488.86147637467,119111.60794937151,0.1,12.0,14.0,,,470.0,1310227.6874430866,2256412.41374106,0.01,47.0,,,,,,,,,,,,0,
13,40,luxury,-205384.17283985927,345.0,19001.499932823313,56570.338389103774,0.1,11.0,32.0,,,470.0,678844.0606692453,884228.2335091046,0.01,47.0,,,,,,,,,,,,0,
14,40,luxury,-1648364.4158907142,360.0,48488.86147637467,55277.09071366782,0.1,10.0,7.0,,,470.0,608047.997850346,2256412.41374106,0.01,47.0,,,,,,,,,,,,0,
15,40,luxury,-1712428.3834064375,400.0,44092.95476139396,33942.20303346227,0.1,9.0,19.0,,,470.0,339422.03033462266,2051850.41374106,0.01,47.0,,,,,,,,,,,,0,
16,40,luxury,-1009522.2732745749,428.0,39697.04804641325,93085.12671849836,0.1,10.0,8.0,,,470.0,837766.1404664852,1847288.41374106,0.01,47.0,,,,,,,,,,,,0,
17,40,luxury,-627758.2759956063,467.0,20314.638013956246,31757.638437130598,0.1,9.0,53.0,,,470.0,317576.384371306,945334.6603669123,0.01,47.0,,,,,,,,,,,,0,
18,40,luxury,-770612.599001379,461.0,39697.04804641325,119630.64608218678,0.1,10.0,21.0,,,470.0,1076675.814739681,1847288.41374106,0.01,47.0,,,,,,,,,,,,0,
19,40,luxury,-37463.20672482019,487.0,18719.40870504436,83363.80089746782,0.1,9.0,30.0,,,470.0,833638.0089746782,871101.2156994984,0.01,47.0,,,,,,,,,,,,0,
20,40,luxury,-1285706.1525897293,504.0,39697.04804641325,62398.02901681453,0.1,8.0,28.0,,,470.0,561582.2611513308,1847288.41374106,0.01,47.0,,,,,,,,,,,,0,
21,40,luxury,-531209.068441489,523.0,35301.14133143254,138939.66816244638,0.1,9.0,50.0,,,470.0,1111517.345299571,1642726.41374106,0.01,47.0,,,,,,,,,,,,0,
22,40,luxury,904892.6234472211,520.0,18484.3844483248,196117.45184129188,0.1,10.0,124.0,,,470.0,1765057.066571627,860164.4431244059,0.01,47.0,,,,,,,,,,,,0,
23,40,luxury,-39704.9256744273,443.0,50108.21772619472,229206.36715922752,0.1,11.0,12.0,,,470.0,2292063.671592275,2331768.5972667024,0.01,47.0,,,,,,,,,,,,0,
24,40,luxury,-2592600.855605677,478.0,68634.85945464583,54663.51024675788,0.1,10.0,11.0,,,470.0,601298.6127143367,3193899.4683200135,0.01,47.0,,,,,,,,,,,,0,
25,40,luxury,-967311.8601766129,514.0,37011.02617677592,75498.34540011043,0.1,11.0,45.0,,,470.0,754983.4540011042,1722295.314177717,0.01,47.0,,,,,,,,,,,,0,
26,40,luxury,-1472364.5066868057,516.0,67430.62178845782,151408.74345044696,0.1,12.0,13.0,,,470.0,1665496.1779549164,3137860.684641722,0.01,47.0,,,,,,,,,,,,0,
27,40,luxury,-2802616.051120894,550.0,79063.96163086368,73049.84027082931,0.1,11.0,12.0,,,470.0,876598.0832499517,3679214.1343708457,0.01,47.0,,,,,,,,,,,,0,
28,40,luxury,-1314881.2243364765,585.0,48644.36601918177,86251.59450639674,0.1,12.0,31.0,,,470.0,948767.5395703642,2263648.7639068407,0.01,47.0,,,,,,,,,,,,0,
29,40,luxury,-2161445.073413009,601.0,78853.5009649834,125664.61221621958,0.1,13.0,6.0,,,470.0,1507975.346594635,3669420.4200076438,0.01,47.0,,,,,,,,,,,,0,
30,40,luxury,-4124733.476541479,642.0,98804.95592233483,36393.92352230003,0.1,12.0,14.0,,,470.0,473121.0057899004,4597854.482331379,0.01,47.0,,,,,,,,,,,,0,
31,40,luxury,-1808813.443317888,675.0,68595.82097653321,115272.44857605732,0.1,13.0,5.0,,,470.0,1383269.3829126877,3192082.826230576,0.01,47.0,,,,,,,,,,,,0,
32,40,luxury,-4276741.7393360585,717.0,99274.85007204388,26383.00806789739,0.1,12.0,2.0,,,470.0,342979.1048826661,4619720.844218724,0.01,47.0,,,,,,,,,,,,0,
33,40,luxury,-2993533.126086488,762.0,68595.82097653321,16545.808345340647,0.1,11.0,17.0,,,470.0,198549.70014408775,3192082.826230576,0.01,47.0,,,,,,,,,,,,0,
34,40,luxury,-1172019.8402461652,792.0,50245.32413979528,106011.72332736952,0.1,12.0,29.0,,,470.0,1166128.9566010647,2338148.79684723,0.01,47.0,,,,,,,,,,,,0,
35,40,luxury,-2383979.425851755,810.0,82542.65280047285,121426.20000450527,0.1,13.0,8.0,,,470.0,1457114.4000540632,3841093.825905818,0.01,47.0,,,,,,,,,,,,0,
36,40,luxury,-4025080.5391673357,849.0,100686.72081915126,50795.478646444826,0.1,12.0,10.0,,,470.0,660341.2224037828,4685421.761571119,0.01,47.0,,,,,,,,,,,,0,
37,40,luxury,-2175609.524321017,886.0,68389.39215847368,83905.60068262606,0.1,13.0,14.0,,,470.0,1006867.2081915126,3182476.7325125295,0.01,47.0,,,,,,,,,,,,0,
38,40,luxury,-3754527.764278499,919.0,101257.4243783974,73650.11463220243,0.1,12.0,4.0,,,470.0,957451.4902186316,4711979.25449713,0.01,47.0,,,,,,,,,,,,0,
39,40,luxury,-2777447.03499894,962.0,68389.39215847368,33752.474792799134,0.1,11.0,30.0,,,470.0,405029.6975135896,3182476.7325125295,0.01,47.0,,,,,,,,,,,,0,
40,40,luxury,-286467.03209301946,979.0,50245.32413979528,186516.52406856458,0.1,12.0,14.0,,,470.0,2051681.7647542104,2338148.79684723,0.01,47.0,,,,,,,,,,,,0,
