data/saved_data/run_2025_05_03_2155_new_price_weights_with_clamps/firm_data.csv
Step,AgentID,FirmType,Profit,Inventory,ProductPrice,RevenuePerEmployee,ProductionLevel,NumEmployees,DemandReceived,InventoryDemandRatio,SellThroughRate,ProductionCapacity,Revenue,Costs,Markup,ProducedUnits,IncomeBracket,NumPeople,SpendRatio,PostTaxIncome,HouseholdExpense,HouseholdSavings,HealthLevel,Welfare,SkillLevel,SkillType,JobLevel,IsEmployed,Wage
7,54,luxury,-38866.49818213517,172.20000000000005,78527.08126658018,60155.49639969166,0.1,32.0,20.0,,,282.0,1864820.3883904417,1903686.8865725768,0.15500000000000003,28.0,,,,,,,,,,,,0,
8,54,luxury,-1480282.8548355023,180.20000000000005,119853.81458321435,49079.42579161261,0.1,31.0,2.0,,,282.0,1570541.6253316035,3050824.480167106,0.10000000000000003,28.0,,,,,,,,,,,,0,
9,54,luxury,-1663979.2574061481,206.20000000000005,68668.70309891427,7732.5041666589905,0.1,30.0,13.0,,,282.0,239707.6291664287,1903686.8865725768,0.01,28.0,,,,,,,,,,,,0,
10,54,luxury,-313104.2586680623,221.20000000000005,43494.83319459479,29756.438009529513,0.1,31.0,33.0,,,282.0,892693.1402858854,1205797.3989539477,0.01,28.0,,,,,,,,,,,,0,
11,54,luxury,-911511.1010594256,216.20000000000005,84653.88992114193,46300.95146521381,0.1,32.0,18.0,,,282.0,1435329.495421628,2346840.5964810536,0.01,28.0,,,,,,,,,,,,0,
12,54,luxury,-1489689.5659130185,226.20000000000005,108699.78827281145,47617.813080642336,0.1,33.0,13.0,,,282.0,1523770.0185805548,3013459.5844935733,0.01,28.0,,,,,,,,,,,,0,
13,54,luxury,-2382114.1181865125,241.20000000000005,136898.69080327504,42821.12871353178,0.1,32.0,6.0,,,282.0,1413097.247546549,3795211.3657330615,0.01,28.0,,,,,,,,,,,,0,
14,54,luxury,-1832776.0233863057,263.20000000000005,95739.63407672792,25668.50452561407,0.1,31.0,20.0,,,282.0,821392.1448196502,2654168.168205956,0.01,28.0,,,,,,,,,,,,0,
15,54,luxury,-72756.4986588778,271.20000000000005,71693.73572505837,61767.505855953495,0.1,32.0,13.0,,,282.0,1914792.6815345583,1987549.180193436,0.01,28.0,,,,,,,,,,,,0,
16,54,luxury,-2236623.805792298,286.20000000000005,114297.45284367088,29125.580138304966,0.1,31.0,11.0,,,282.0,932018.5644257589,3168642.370218057,0.01,28.0,,,,,,,,,,,,0,
17,54,luxury,-730277.1989130564,303.20000000000005,71693.73572505837,40557.16068646386,0.1,32.0,25.0,,,282.0,1257271.9812803797,1987549.180193436,0.01,28.0,,,,,,,,,,,,0,
18,54,luxury,-1451088.3609264106,306.20000000000005,116995.21266422093,56010.731035201854,0.1,33.0,20.0,,,282.0,1792343.3931264593,3243431.75405287,0.01,28.0,,,,,,,,,,,,0,
19,54,luxury,-1618698.064105549,314.20000000000005,142792.43563469397,70906.18949346723,0.1,34.0,5.0,,,282.0,2339904.2532844185,3958602.3173899674,0.01,28.0,,,,,,,,,,,,0,
20,54,luxury,-3696273.8435547757,337.20000000000005,159083.50795935784,20998.88759333735,0.1,33.0,13.0,,,282.0,713962.1781734698,4410236.021728246,0.01,28.0,,,,,,,,,,,,0,
21,54,luxury,-1086267.8443971605,352.20000000000005,113782.03102019534,62669.26071126218,0.1,34.0,23.0,,,282.0,2068085.603471652,3154353.4478688124,0.01,28.0,,,,,,,,,,,,0,
22,54,luxury,-1677375.3318389375,357.20000000000005,154903.76824473916,76970.19745483802,0.1,35.0,11.0,,,282.0,2616986.713464493,4294362.04530343,0.01,28.0,,,,,,,,,,,,0,
23,54,luxury,-3299250.5593439317,374.20000000000005,180472.27677371952,48684.041448346594,0.1,34.0,9.0,,,282.0,1703941.4506921307,5003192.010036062,0.01,28.0,,,,,,,,,,,,0,
24,54,luxury,-2238932.9216379696,393.20000000000005,139350.5395491757,47772.07326363164,0.1,33.0,22.0,,,282.0,1624250.4909634758,3863183.4126014453,0.01,28.0,,,,,,,,,,,,0,
25,54,luxury,-88641.57778694667,399.20000000000005,113782.03102019534,92900.35969945048,0.1,34.0,25.0,,,282.0,3065711.8700818657,3154353.4478688124,0.01,28.0,,,,,,,,,,,,0,
26,54,luxury,-1447252.663523646,402.20000000000005,154811.47566454782,83663.25810308481,0.1,33.0,6.0,,,282.0,2844550.7755048834,4291803.439028529,0.01,28.0,,,,,,,,,,,,0,
27,54,luxury,-2225484.5938815256,424.20000000000005,113782.03102019534,28147.541029917786,0.1,32.0,7.0,,,282.0,928868.8539872869,3154353.4478688124,0.01,28.0,,,,,,,,,,,,0,
28,54,luxury,-1642708.6673903475,445.20000000000005,87984.8080497223,24889.81928566773,0.1,31.0,14.0,,,282.0,796474.2171413674,2439182.884531715,0.01,28.0,,,,,,,,,,,,0,
29,54,luxury,-474897.397550361,459.20000000000005,61562.5534209423,39735.07460310039,0.1,32.0,45.0,,,282.0,1231787.312696112,1706684.710246473,0.01,28.0,,,,,,,,,,,,0,
30,54,luxury,369359.49920254154,442.20000000000005,86605.88829219186,86572.3407482001,0.1,33.0,28.0,,,282.0,2770314.9039424034,2400955.404739862,0.01,28.0,,,,,,,,,,,,0,
31,54,luxury,-1168649.5490507125,442.20000000000005,129626.80127920012,73483.78400549611,0.1,32.0,12.0,,,282.0,2424964.872181372,3593614.4212320843,0.01,28.0,,,,,,,,,,,,0,
32,54,luxury,-845433.7893894603,458.20000000000005,86605.88829219186,48610.05047970005,0.1,31.0,33.0,,,282.0,1555521.6153504015,2400955.404739862,0.01,28.0,,,,,,,,,,,,0,
33,54,luxury,1151309.6033958583,453.20000000000005,61562.5534209423,92193.36495620424,0.1,32.0,20.0,,,282.0,2857994.3136423314,1706684.710246473,0.01,28.0,,,,,,,,,,,,0,
34,54,luxury,-1254236.4373928392,461.20000000000005,89655.08182909715,38476.59588808894,0.1,31.0,27.0,,,282.0,1231251.068418846,2485487.505811685,0.01,28.0,,,,,,,,,,,,0,
35,54,luxury,714002.4991391501,462.20000000000005,61562.5534209423,78086.68417372978,0.1,32.0,36.0,,,282.0,2420687.209385623,1706684.710246473,0.01,28.0,,,,,,,,,,,,0,
36,54,luxury,-211715.70823053736,454.20000000000005,87580.25786135881,69257.87259856009,0.1,31.0,26.0,,,282.0,2216251.923153923,2427967.6313844603,0.01,28.0,,,,,,,,,,,,0,
37,54,luxury,570401.994148856,456.20000000000005,61562.5534209423,73454.40981920417,0.1,32.0,63.0,,,282.0,2277086.704395329,1706684.710246473,0.01,28.0,,,,,,,,,,,,0,
38,54,luxury,1332745.3335227869,421.20000000000005,91826.8712674883,121201.27704748015,0.1,33.0,23.0,,,282.0,3878440.865519365,2545695.531996578,0.01,28.0,,,,,,,,,,,,0,
39,54,luxury,-1573624.6189829563,426.20000000000005,132946.39113464815,64000.546640976696,0.1,32.0,6.0,,,282.0,2112018.039152231,3685642.6581351873,0.01,28.0,,,,,,,,,,,,0,
40,54,luxury,-1748017.185188689,448.20000000000005,91826.8712674883,24927.44833774653,0.1,31.0,26.0,,,282.0,797678.346807889,2545695.531996578,0.01,28.0,,,,,,,,,,,,0,
8,3,necessity,-164575.6170088197,0.0,99.53965981977964,6293.90942556875,1.0,46.0,29486.0,,,6244.0,295813.7430017312,460389.36001055094,0.35,6244.0,,,,,,,,,,,,0,
9,3,necessity,442864.2653284308,0.0,38.62793886176184,13511.426867710958,1.0,47.0,40484.0,,,6244.0,621525.6359147041,178661.37058627323,0.35,6244.0,,,,,,,,,,,,0,
10,3,necessity,-215583.6833689251,0.0,98.75853944436669,5131.762771337041,1.0,46.0,10228.0,,,6244.0,241192.85025284093,456776.533621766,0.35,6244.0,,,,,,,,,,,,0,
11,3,necessity,437986.9497043523,0.0,38.62793886176184,13405.398267187513,1.0,47.0,70036.0,,,6244.0,616648.3202906256,178661.37058627323,0.35,6244.0,,,,,,,,,,,,0,
12,3,necessity,-175227.1384803199,0.0,90.03314937535778,5131.762771337041,1.0,46.0,8655.0,,,6244.0,241192.85025284093,416419.98873316083,0.35,6244.0,,,,,,,,,,,,0,
13,3,necessity,383505.61411346076,0.0,38.62793886176184,12221.021406515956,1.0,47.0,12706.0,,,6244.0,562166.984699734,178661.37058627323,0.35,6244.0,,,,,,,,,,,,0,
14,3,necessity,-180595.31573933855,0.0,91.19378987800265,5131.762771337041,1.0,46.0,9811.0,,,6244.0,241192.85025284093,421788.1659921795,0.35,6244.0,,,,,,,,,,,,0,
15,3,necessity,390752.65341197525,0.0,38.62793886176184,12378.565739092359,1.0,47.0,23918.0,,,6244.0,569414.0239982485,178661.37058627323,0.35,6244.0,,,,,,,,,,,,0,
16,3,necessity,-226169.35646658237,0.0,101.04724198753591,5131.762771337041,1.0,46.0,5141.0,,,6244.0,241192.85025284093,467362.2067194233,0.35,6244.0,,,,,,,,,,,,0,
17,3,necessity,340822.5004716489,1103.0,38.62793886176184,11293.12763169396,1.0,47.0,19433.0,,,6244.0,519483.87105792214,178661.37058627323,0.35,6244.0,,,,,,,,,,,,0,
18,3,necessity,-150123.57493087795,0.0,93.81744174668634,6038.286528029027,1.0,46.0,10459.0,,,6244.0,283799.4668173643,433923.0417482422,0.35,6244.0,,,,,,,,,,,,0,
19,3,necessity,407134.73568003625,0.0,38.62793886176184,12734.697962311076,1.0,47.0,26907.0,,,6244.0,585796.1062663095,178661.37058627323,0.35,6244.0,,,,,,,,,,,,0,
20,3,necessity,-168333.2690271048,0.0,88.54264268728124,5131.762771337041,1.0,46.0,6846.0,,,6244.0,241192.85025284093,409526.11927994573,0.35,6244.0,,,,,,,,,,,,0,
21,3,necessity,374198.89035311085,0.0,38.62793886176184,12018.70132476922,1.0,47.0,13453.0,,,6244.0,552860.2609393841,178661.37058627323,0.35,6244.0,,,,,,,,,,,,0,
22,3,necessity,-163966.7981763504,0.0,87.59857868222448,5131.762771337041,1.0,46.0,10544.0,,,6244.0,241192.85025284093,405159.6484291913,0.35,6244.0,,,,,,,,,,,,0,
23,3,necessity,368304.15470553644,0.0,38.62793886176184,11890.554897648037,1.0,47.0,32888.0,,,6244.0,546965.5252918097,178661.37058627323,0.35,6244.0,,,,,,,,,,,,0,
24,3,necessity,-166010.3741977523,0.0,88.04041526589693,5131.762771337041,1.0,46.0,6226.0,,,6244.0,241192.85025284093,407203.22445059323,0.35,6244.0,,,,,,,,,,,,0,
25,3,necessity,369478.254859201,18.0,38.62793886176184,11916.07881403205,1.0,47.0,35877.0,,,6244.0,548139.6254454743,178661.37058627323,0.35,6244.0,,,,,,,,,,,,0,
26,3,necessity,-181602.66780030707,0.0,91.56191675120576,5146.556450050056,1.0,46.0,8196.0,,,6244.0,241888.15315235264,423490.8209526597,0.35,6244.0,,,,,,,,,,,,0,
27,3,necessity,393051.23760825547,0.0,38.62793886176184,12428.534960750625,1.0,47.0,12706.0,,,6244.0,571712.6081945287,178661.37058627323,0.35,6244.0,,,,,,,,,,,,0,
28,3,necessity,-168853.06969189082,0.0,88.65502752029674,5131.762771337041,1.0,46.0,12046.0,,,6244.0,241192.85025284093,410045.91994473175,0.35,6244.0,,,,,,,,,,,,0,
29,3,necessity,374900.6212504596,0.0,38.62793886176184,12033.956344276801,1.0,47.0,44845.0,,,6244.0,553561.9918367328,178661.37058627323,0.35,6244.0,,,,,,,,,,,,0,
30,3,necessity,-168283.96572206638,0.0,88.5319829400373,5131.762771337041,1.0,46.0,11410.0,,,6244.0,241192.85025284093,409476.8159749073,0.35,6244.0,,,,,,,,,,,,0,
31,3,necessity,374132.33089131967,0.0,38.62793886176184,12017.254379947672,1.0,47.0,18686.0,,,6244.0,552793.7014775929,178661.37058627323,0.35,6244.0,,,,,,,,,,,,0,
32,3,necessity,-169253.67754048857,0.0,88.74164196544734,5131.762771337041,1.0,46.0,14633.0,,,6244.0,241192.85025284093,410446.5277933295,0.35,6244.0,,,,,,,,,,,,0,
33,3,necessity,375441.44184598,0.0,38.62793886176184,12045.713313744636,1.0,47.0,13453.0,,,6244.0,554102.8124322533,178661.37058627323,0.35,6244.0,,,,,,,,,,,,0,
34,3,necessity,-164075.45279583675,0.0,87.62207063230186,5131.762771337041,1.0,46.0,14825.0,,,6244.0,241192.85025284093,405268.3030486777,0.35,6244.0,,,,,,,,,,,,0,
35,3,necessity,368450.83844181953,0.0,38.62793886176184,11893.743674523756,1.0,47.0,11211.0,,,6244.0,547112.2090280928,178661.37058627323,0.35,6244.0,,,,,,,,,,,,0,
36,3,necessity,-200493.3213441566,0.0,95.49588910321121,5131.762771337041,1.0,46.0,13599.0,,,6244.0,241192.85025284093,441686.17159699753,0.35,6244.0,,,,,,,,,,,,0,
37,3,necessity,417614.9609741776,0.0,38.62793886176184,12962.528946966322,1.0,47.0,77473.0,,,6244.0,596276.3315604508,178661.37058627323,0.35,6244.0,,,,,,,,,,,,0,
38,3,necessity,-179484.08598125816,0.0,90.95353360427293,5131.762771337041,1.0,46.0,10590.0,,,6244.0,241192.85025284093,420676.9362340991,0.35,6244.0,,,,,,,,,,,,0,
39,3,necessity,389252.49323880696,0.0,38.62793886176184,12345.953561414788,1.0,47.0,84096.0,,,6244.0,567913.8638250802,178661.37058627323,0.35,6244.0,,,,,,,,,,,,0,
40,3,necessity,-165286.42498180052,0.0,87.88389197291514,5131.762771337041,1.0,46.0,8866.0,,,6244.0,241192.85025284093,406479.27523464145,0.35,6244.0,,,,,,,,,,,,0,
41,3,necessity,370085.6508926088,0.0,38.62793886176184,11929.28307562787,1.0,47.0,93996.0,,,6244.0,548747.0214788821,178661.37058627323,0.35,6244.0,,,,,,,,,,,,0,
8,58,luxury,-1997616.704228488,226.60000000000002,141141.96852192684,64357.85103980247,0.1,20.0,6.0,,,276.0,1351514.8718358518,3349131.57606434,0.17999999999999997,28.0,,,,,,,,,,,,0,
9,58,luxury,-1182993.0877132462,248.60000000000002,78294.01473065633,42342.590556578056,0.1,19.0,9.0,,,276.0,846851.8111315611,2029844.8988448074,0.07999999999999996,28.0,,,,,,,,,,,,0,
10,58,luxury,-583518.031593901,267.6,46465.91997662807,37086.63855662668,0.1,18.0,30.0,,,276.0,704646.1325759069,1288164.164169808,0.01,28.0,,,,,,,,,,,,0,
11,58,luxury,900746.8703137366,265.6,17791.536374407868,77443.19996104679,0.1,19.0,120.0,,,276.0,1393977.5992988423,493230.72898510564,0.01,28.0,,,,,,,,,,,,0,
12,58,luxury,905926.7488987823,173.60000000000002,45870.18438861909,112367.59815415496,0.1,20.0,54.0,,,276.0,2134984.364928944,1229057.6160301617,0.045,28.0,,,,,,,,,,,,0,
13,58,luxury,-9054.849894507788,147.60000000000002,92338.80381486901,123849.49784927155,0.1,21.0,14.0,,,276.0,2476989.956985431,2486044.8068799386,0.04,28.0,,,,,,,,,,,,0,
14,58,luxury,-1927117.481661301,161.60000000000002,116144.97236697105,61559.20254324601,0.1,20.0,8.0,,,276.0,1292743.253408166,3219860.735069467,0.01,28.0,,,,,,,,,,,,0,
15,58,luxury,-1033713.765283922,181.60000000000002,70803.6503163656,46457.98894678842,0.1,19.0,25.0,,,276.0,929159.7789357684,1962873.5442196904,0.01,28.0,,,,,,,,,,,,0,
16,58,luxury,541033.6418789783,184.60000000000002,44333.86242345003,93162.69778469158,0.1,20.0,46.0,,,276.0,1770091.25790914,1229057.6160301617,0.01,28.0,,,,,,,,,,,,0,
17,58,luxury,-481286.5204628797,166.60000000000002,90923.23367634868,101967.88357393508,0.1,21.0,6.0,,,276.0,2039357.6714787015,2520644.191941581,0.01,28.0,,,,,,,,,,,,0,
18,58,luxury,-2782644.3480418427,188.60000000000002,120052.33812673556,25978.06676467105,0.1,20.0,5.0,,,276.0,545539.4020580921,3328183.7500999346,0.01,28.0,,,,,,,,,,,,0,
19,58,luxury,-1436335.4835548373,211.60000000000002,73462.96687383691,30013.08453168389,0.1,21.0,16.0,,,276.0,600261.6906336778,2036597.1741885152,0.01,28.0,,,,,,,,,,,,0,
20,58,luxury,-2156585.1029931977,223.60000000000002,120189.72780409308,55971.78428482812,0.1,22.0,11.0,,,276.0,1175407.4699813905,3331992.5729745883,0.01,28.0,,,,,,,,,,,,0,
21,58,luxury,-2757601.3938377835,240.60000000000002,147160.18344712327,60094.86390204655,0.1,23.0,10.0,,,276.0,1322087.005845024,4079688.3996828073,0.01,28.0,,,,,,,,,,,,0,
22,58,luxury,-3883831.309356787,258.6,193178.11721743506,63982.68845527099,0.1,24.0,9.0,,,276.0,1471601.8344712327,5355433.1438280195,0.01,28.0,,,,,,,,,,,,0,
23,58,luxury,-4354916.50071273,277.6,219801.94755087123,72441.79395653815,0.1,25.0,9.0,,,276.0,1738603.0549569156,6093519.555669646,0.01,28.0,,,,,,,,,,,,0,
24,58,luxury,-4666091.518373094,296.6,239669.71061159048,79128.70111831365,0.1,26.0,9.0,,,276.0,1978217.527957841,6644309.046330934,0.01,28.0,,,,,,,,,,,,0,
25,58,luxury,-5245325.999990395,315.6,267013.45222986443,82962.59213478133,0.1,27.0,2.0,,,276.0,2157027.3955043145,7402353.39549471,0.01,28.0,,,,,,,,,,,,0,
26,58,luxury,-7599791.957168623,341.6,293398.4556016493,19778.77423924922,0.1,26.0,2.0,,,276.0,534026.9044597289,8133818.861628352,0.01,28.0,,,,,,,,,,,,0,
27,58,luxury,-6271277.20627984,367.6,247380.52183133745,22569.11196935764,0.1,27.0,7.0,,,276.0,586796.9112032986,6858074.117483139,0.01,28.0,,,,,,,,,,,,0,
28,58,luxury,-6348373.949048501,388.6,291458.4888010019,64135.69084516157,0.1,28.0,3.0,,,276.0,1731663.6528193622,8080037.601867864,0.01,28.0,,,,,,,,,,,,0,
29,58,luxury,-8413396.14481701,413.6,335023.1782967513,31227.69522867878,0.1,27.0,0.0,,,276.0,874375.4664030058,9287771.611220015,0.01,28.0,,,,,,,,,,,,0,
30,58,luxury,-8080037.601867864,441.6,291458.4888010019,0.0,0.1,26.0,5.0,,,276.0,0.0,8080037.601867864,0.01,28.0,,,,,,,,,,,,0,
31,58,luxury,-5400781.673478129,464.6,247380.52183133745,56049.70938480807,0.1,27.0,4.0,,,276.0,1457292.4440050097,6858074.117483139,0.01,28.0,,,,,,,,,,,,0,
32,58,luxury,-7046959.355764329,488.6,289887.3559869007,36648.966197235175,0.1,26.0,0.0,,,276.0,989522.0873253498,8036481.443089679,0.01,28.0,,,,,,,,,,,,0,
33,58,luxury,-6858074.117483139,516.6,247380.52183133745,0.0,0.1,25.0,8.0,,,276.0,0.0,6858074.117483139,0.01,28.0,,,,,,,,,,,,0,
34,58,luxury,-3583634.5440463657,536.6,200653.76090108126,79161.76698602799,0.1,26.0,11.0,,,276.0,1979044.1746506996,5562678.7186970655,0.01,28.0,,,,,,,,,,,,0,
35,58,luxury,-4565073.603584232,553.6,244285.26353377936,84891.97576584207,0.1,27.0,6.0,,,276.0,2207191.3699118937,6772264.973496125,0.01,28.0,,,,,,,,,,,,0,
36,58,luxury,-6532586.766714463,575.6,288510.0372459383,54285.61411861763,0.1,26.0,4.0,,,276.0,1465711.581202676,7998298.3479171395,0.01,28.0,,,,,,,,,,,,0,
37,58,luxury,-5634671.944134327,599.6,244878.53461324022,44386.1595762982,0.1,25.0,2.0,,,276.0,1154040.1489837533,6788712.09311808,0.01,28.0,,,,,,,,,,,,0,
38,58,luxury,-5072921.649470585,625.6,200653.76090108126,19590.282769059217,0.1,24.0,5.0,,,276.0,489757.06922648044,5562678.7186970655,0.01,28.0,,,,,,,,,,,,0,
39,58,luxury,-3827944.448058017,648.6,174268.75752929645,41802.86685439193,0.1,25.0,3.0,,,276.0,1003268.8045054063,4831213.2525634235,0.01,28.0,,,,,,,,,,,,0,
40,58,luxury,-5549948.293574721,673.6,219052.92474183254,20912.250903515574,0.1,24.0,7.0,,,276.0,522806.27258788934,6072754.56616261,0.01,28.0,,,,,,,,,,,,0,
