data/saved_data/run_2025_05_03_2155_new_price_weights_with_clamps/firm_data.csv
Step,AgentID,FirmType,Profit,Inventory,ProductPrice,RevenuePerEmployee,ProductionLevel,NumEmployees,DemandReceived,InventoryDemandRatio,SellThroughRate,ProductionCapacity,Revenue,Costs,Markup,ProducedUnits,IncomeBracket,NumPeople,SpendRatio,PostTaxIncome,HouseholdExpense,HouseholdSavings,HealthLevel,Welfare,SkillLevel,SkillType,JobLevel,IsEmployed,Wage
11,26,necessity,563522.7830866931,0.0,52.70037455262045,33968.6572597129,1.0,23.0,19307.0,,,4708.0,747310.4597136838,183787.67662699072,0.35,4708.0,,,,,,,,,,,,0,
12,26,necessity,-175087.8363353325,0.0,121.3512360902491,10787.537538858134,1.0,22.0,11123.0,,,4708.0,248113.3633937371,423201.1997290696,0.35,4708.0,,,,,,,,,,,,0,
13,26,necessity,387533.94288590207,0.0,52.70037455262045,25969.16452331331,1.0,23.0,34646.0,,,4708.0,571321.6195128928,183787.67662699072,0.35,4708.0,,,,,,,,,,,,0,
14,26,necessity,-196647.25408650437,0.0,127.5333121220885,10787.537538858134,1.0,22.0,11054.0,,,4708.0,248113.3633937371,444760.61748024146,0.35,4708.0,,,,,,,,,,,,0,
15,26,necessity,416639.1568438019,0.0,52.70037455262045,27292.128794126937,1.0,23.0,22157.0,,,4708.0,600426.8334707926,183787.67662699072,0.35,4708.0,,,,,,,,,,,,0,
16,26,necessity,-167089.29715733606,0.0,119.05768726102188,10787.537538858134,1.0,22.0,14423.0,,,4708.0,248113.3633937371,415202.66055107315,0.35,4708.0,,,,,,,,,,,,0,
17,26,necessity,376735.9149979003,0.0,52.70037455262045,25478.345073858683,1.0,23.0,37569.0,,,4708.0,560523.591624891,183787.67662699072,0.35,4708.0,,,,,,,,,,,,0,
18,26,necessity,-193783.8862240072,0.0,126.71225294333954,10787.537538858134,1.0,22.0,12854.0,,,4708.0,248113.3633937371,441897.2496177443,0.35,4708.0,,,,,,,,,,,,0,
19,26,necessity,412773.61023025186,0.0,52.70037455262045,27116.422129874663,1.0,23.0,30429.0,,,4708.0,596561.2868572426,183787.67662699072,0.35,4708.0,,,,,,,,,,,,0,
20,26,necessity,-241607.1132986539,0.0,140.42537030465218,10787.537538858134,1.0,22.0,13404.0,,,4708.0,248113.3633937371,489720.476692391,0.35,4708.0,,,,,,,,,,,,0,
21,26,necessity,477334.96676731174,0.0,52.70037455262045,30051.029245195565,1.0,23.0,23033.0,,,4708.0,661122.6433943025,183787.67662699072,0.35,4708.0,,,,,,,,,,,,0,
22,26,necessity,-167399.7080639339,0.0,119.14669633574961,10787.537538858134,1.0,22.0,19155.0,,,4708.0,248113.3633937371,415513.071457671,0.35,4708.0,,,,,,,,,,,,0,
23,26,necessity,377154.9697217184,0.0,52.70037455262045,25497.393015850415,1.0,23.0,38968.0,,,4708.0,560942.6463487091,183787.67662699072,0.35,4708.0,,,,,,,,,,,,0,
24,26,necessity,-157668.58850654218,0.0,116.35633707498314,10787.537538858134,1.0,22.0,19356.0,,,4708.0,248113.3633937371,405781.95190027927,0.35,4708.0,,,,,,,,,,,,0,
25,26,necessity,364017.95832202997,0.0,52.70037455262045,24900.256134046394,1.0,23.0,43245.0,,,4708.0,547805.6349490207,183787.67662699072,0.35,4708.0,,,,,,,,,,,,0,
26,26,necessity,-190939.79289355778,0.0,125.89672065886818,10787.537538858134,1.0,22.0,12540.0,,,4708.0,248113.3633937371,439053.15628729487,0.35,4708.0,,,,,,,,,,,,0,
27,26,necessity,408934.08423496067,0.0,52.70037455262045,26941.89822099779,1.0,23.0,33701.0,,,4708.0,592721.7608619514,183787.67662699072,0.35,4708.0,,,,,,,,,,,,0,
28,26,necessity,-197942.73975858235,0.0,127.90478741030722,10787.537538858134,1.0,22.0,26883.0,,,4708.0,248113.3633937371,446056.10315231944,0.35,4708.0,,,,,,,,,,,,0,
29,26,necessity,418388.0625007357,0.0,52.70037455262045,27371.624505805747,1.0,23.0,31403.0,,,4708.0,602175.7391277264,183787.67662699072,0.35,4708.0,,,,,,,,,,,,0,
30,26,necessity,-175835.73794724574,0.0,121.56569385912513,10787.537538858134,1.0,22.0,19941.0,,,4708.0,248113.3633937371,423949.10134098283,0.35,4708.0,,,,,,,,,,,,0,
31,26,necessity,388543.61006177036,0.0,52.70037455262045,26015.058485852776,1.0,23.0,37966.0,,,4708.0,572331.2866887611,183787.67662699072,0.35,4708.0,,,,,,,,,,,,0,
32,26,necessity,-184891.58789707973,0.0,124.16242228514025,10787.537538858134,1.0,22.0,14273.0,,,4708.0,248113.3633937371,433004.9512908168,0.35,4708.0,,,,,,,,,,,,0,
33,26,necessity,400769.00749144953,0.0,52.70037455262045,26570.75836902001,1.0,23.0,36471.0,,,4708.0,584556.6841184403,183787.67662699072,0.35,4708.0,,,,,,,,,,,,0,
34,26,necessity,-222111.6828882396,0.0,134.83513431304874,10787.537538858134,1.0,22.0,13686.0,,,4708.0,248113.3633937371,470225.0462819767,0.35,4708.0,,,,,,,,,,,,0,
35,26,necessity,451016.1357188428,0.0,52.70037455262045,28854.718742992434,1.0,23.0,34633.0,,,4708.0,634803.8123458335,183787.67662699072,0.35,4708.0,,,,,,,,,,,,0,
36,26,necessity,-206675.62060418454,0.0,130.40890574910478,10787.537538858134,1.0,22.0,18892.0,,,4708.0,248113.3633937371,454788.98399792163,0.35,4708.0,,,,,,,,,,,,0,
37,26,necessity,430177.45163979457,0.0,52.70037455262045,27907.505830308422,1.0,23.0,33344.0,,,4708.0,613965.1282667853,183787.67662699072,0.35,4708.0,,,,,,,,,,,,0,
38,26,necessity,-165474.99363294695,0.0,118.59479224032044,10787.537538858134,1.0,22.0,19814.0,,,4708.0,248113.3633937371,413588.35702668404,0.35,4708.0,,,,,,,,,,,,0,
39,26,necessity,374556.60524043796,0.0,52.70037455262045,25379.285539428576,1.0,23.0,37749.0,,,4708.0,558344.2818674287,183787.67662699072,0.35,4708.0,,,,,,,,,,,,0,
40,26,necessity,-175431.86890748786,0.0,121.44988604188696,10787.537538858134,1.0,22.0,12823.0,,,4708.0,248113.3633937371,423545.23230122495,0.35,4708.0,,,,,,,,,,,,0,
41,26,necessity,387998.38685821305,0.0,52.70037455262045,25990.275612963807,1.0,23.0,32306.0,,,4708.0,571786.0634852038,183787.67662699072,0.35,4708.0,,,,,,,,,,,,0,
12,15,necessity,231246.38238726248,15468.0,644.669710825861,9466.930379264795,0.1,68.0,981.0,,,8445.0,634284.3354107413,403037.9530234788,0.35,844.0,,,,,,,,,,,,0,
13,15,necessity,-39285.38065536902,15331.0,1074.4118416381107,9300.308622355436,0.1,67.0,641.0,,,8445.0,632420.9863201696,671706.3669755387,0.35,844.0,,,,,,,,,,,,0,
14,15,necessity,285660.0374665502,15534.0,644.669710825861,10279.074484925806,0.1,68.0,713.0,,,8445.0,688697.990490029,403037.9530234788,0.35,844.0,,,,,,,,,,,,0,
15,15,necessity,-223999.979736591,15665.0,1093.5151678984776,6759.55152674763,0.1,67.0,551.0,,,8445.0,459649.50381883886,683649.4835554298,0.35,844.0,,,,,,,,,,,,0,
16,15,necessity,199488.90448858234,15958.0,644.669710825861,8992.938171821808,0.1,68.0,625.0,,,8445.0,602526.8575120611,403037.9530234788,0.35,844.0,,,,,,,,,,,,0,
17,15,necessity,-312760.02000331954,16177.0,1144.746557309307,5925.273077443575,0.1,67.0,977.0,,,8445.0,402918.5692661631,715678.5892694826,0.35,844.0,,,,,,,,,,,,0,
18,15,necessity,715379.4334677141,16044.0,644.669710825861,16692.79681330139,0.1,68.0,1025.0,,,8445.0,1118417.386491193,403037.9530234788,0.35,844.0,,,,,,,,,,,,0,
19,15,necessity,-27658.252477015834,15863.0,1101.1852513010324,9717.447847007465,0.1,67.0,364.0,,,8445.0,660786.4535965075,688444.7060735234,0.35,844.0,,,,,,,,,,,,0,
20,15,necessity,-2206.521549903031,16343.0,644.669710825861,5982.5586787100865,0.1,66.0,1116.0,,,8445.0,400831.43147357577,403037.9530234788,0.35,844.0,,,,,,,,,,,,0,
21,15,necessity,505203.13615115883,16071.0,342.6956779425143,10900.77874669183,0.1,67.0,2188.0,,,8445.0,719451.3972816608,214248.261130502,0.35,844.0,,,,,,,,,,,,0,
22,15,necessity,217569.29033723788,14727.0,851.3459131516371,11191.315572212257,0.1,68.0,1046.0,,,8445.0,749818.1433382212,532248.8530009834,0.35,844.0,,,,,,,,,,,,0,
23,15,necessity,128880.25404595712,14525.0,1218.2431513994568,13095.703311126654,0.1,69.0,989.0,,,8445.0,890507.8251566124,761627.5711106553,0.35,844.0,,,,,,,,,,,,0,
24,15,necessity,8488.111018507509,14380.0,1913.5999902872031,17461.48517005888,0.1,70.0,495.0,,,8445.0,1204842.4767340627,1196354.3657155551,0.35,844.0,,,,,,,,,,,,0,
25,15,necessity,-436476.9350720552,14729.0,2213.278499577512,13531.885645602366,0.1,69.0,481.0,,,8445.0,947231.9951921656,1383708.9302642208,0.35,844.0,,,,,,,,,,,,0,
26,15,necessity,115604.8226374624,15092.0,1517.9216606897648,15428.79649705483,0.1,70.0,380.0,,,8445.0,1064586.9582967833,948982.1356593209,0.35,844.0,,,,,,,,,,,,0,
27,15,necessity,-668873.5904945646,15556.0,1992.5037406504832,8240.146158030151,0.1,69.0,384.0,,,8445.0,576810.2310621106,1245683.8215566752,0.35,844.0,,,,,,,,,,,,0,
28,15,necessity,-183860.69924953533,16016.0,1517.9216606897648,11088.716469707037,0.1,70.0,551.0,,,8445.0,765121.4364097855,948982.1356593209,0.35,844.0,,,,,,,,,,,,0,
29,15,necessity,-394451.22500161093,16309.0,1968.7383638477704,11948.211929143721,0.1,71.0,552.0,,,8445.0,836374.8350400605,1230826.0600416714,0.35,844.0,,,,,,,,,,,,0,
30,15,necessity,-587157.2746845959,16601.0,2677.4480413342594,15306.247561182667,0.1,72.0,339.0,,,8445.0,1086743.5768439693,1673900.8515285652,0.35,844.0,,,,,,,,,,,,0,
31,15,necessity,-958643.2369733863,17106.0,2985.1924917600745,12606.317861282138,0.1,71.0,316.0,,,8445.0,907654.8860123139,1866298.1229857001,0.35,844.0,,,,,,,,,,,,0,
32,15,necessity,-479902.50410262286,17634.0,2276.482814273585,13286.208836565966,0.1,72.0,525.0,,,8445.0,943320.8273961835,1423223.3314988064,0.35,844.0,,,,,,,,,,,,0,
33,15,necessity,-702734.2921501368,17953.0,3035.7209549565964,16599.353854078225,0.1,73.0,272.0,,,8445.0,1195153.4774936321,1897887.769643769,0.35,844.0,,,,,,,,,,,,0,
34,15,necessity,-1399870.3334390875,18525.0,3559.883508581691,11311.1794486054,0.1,72.0,232.0,,,8445.0,825716.0997481942,2225586.4331872817,0.35,844.0,,,,,,,,,,,,0,
35,15,necessity,-925029.0210513667,19137.0,2800.6453678986795,11470.735749874337,0.1,73.0,283.0,,,8445.0,825892.9739909522,1750921.995042319,0.35,844.0,,,,,,,,,,,,0,
36,15,necessity,-1398548.733386784,19698.0,3504.771740963362,10857.296426237348,0.1,72.0,293.0,,,8445.0,792582.6391153263,2191131.3725021104,0.35,844.0,,,,,,,,,,,,0,
37,15,necessity,-724023.8749400539,20249.0,2800.6453678986795,14262.473890309237,0.1,73.0,326.0,,,8445.0,1026898.120102265,1750921.995042319,0.35,844.0,,,,,,,,,,,,0,
38,15,necessity,-1295416.3587616147,20767.0,3532.436145980987,12506.991642944788,0.1,72.0,256.0,,,8445.0,913010.3899349695,2208426.7486965843,0.35,844.0,,,,,,,,,,,,0,
39,15,necessity,-846618.3416711863,21355.0,2800.6453678986795,12559.772963487954,0.1,73.0,325.0,,,8445.0,904303.6533711327,1750921.995042319,0.35,844.0,,,,,,,,,,,,0,
40,15,necessity,-1297557.3425653365,21874.0,3531.381000115366,12468.62663790508,0.1,72.0,192.0,,,8445.0,910209.7445670709,2207767.0871324074,0.35,844.0,,,,,,,,,,,,0,
41,15,necessity,-1072896.8430201686,22526.0,2800.6453678986795,9417.016000307643,0.1,71.0,276.0,,,8445.0,678025.1520221503,1750921.995042319,0.35,844.0,,,,,,,,,,,,0,
13,47,luxury,-1190536.7565313196,415.0,47499.83749311944,92414.8444012476,0.1,8.0,13.0,,,428.0,831733.5996112283,2022270.356142548,0.01,43.0,,,,,,,,,,,,0,
14,47,luxury,-448907.74966082233,445.0,25048.13182311528,77187.23592631909,0.1,7.0,44.0,,,428.0,617497.8874105527,1066405.637071375,0.01,43.0,,,,,,,,,,,,0,
15,47,luxury,721799.7091896406,444.0,8933.052628015193,157445.40003101033,0.1,8.0,177.0,,,428.0,1102117.8002170722,380318.0910274316,0.01,43.0,,,,,,,,,,,,0,
16,47,luxury,633746.2169308935,310.0,22252.97946411847,197643.78939483615,0.1,9.0,83.0,,,428.0,1581150.3151586892,947404.0982277957,0.01,43.0,,,,,,,,,,,,0,
17,47,luxury,-109656.19129968993,270.0,45958.60408677057,205221.9217246481,0.1,10.0,31.0,,,428.0,1846997.295521833,1956653.486821523,0.01,43.0,,,,,,,,,,,,0,
18,47,luxury,-1130348.4223479836,282.0,60014.31954683559,142471.67266898876,0.1,9.0,33.0,,,428.0,1424716.7266898875,2555065.149037871,0.01,43.0,,,,,,,,,,,,0,
19,47,luxury,434656.7846014311,292.0,36308.69492418349,220052.50500506384,0.1,10.0,113.0,,,428.0,1980472.5450455744,1545815.7604441433,0.01,43.0,,,,,,,,,,,,0,
20,47,luxury,1639845.7976900009,222.0,57852.72181807997,410288.2526432734,0.1,11.0,49.0,,,428.0,4102882.526432734,2463036.728742733,0.01,43.0,,,,,,,,,,,,0,
21,47,luxury,-1806.049554250203,216.0,66626.86619069081,257707.5790078108,0.1,10.0,68.0,,,428.0,2834783.3690859186,2836589.418640169,0.01,43.0,,,,,,,,,,,,0,
22,47,luxury,2611258.450625396,191.0,45082.839296794315,453062.6900966975,0.1,11.0,29.0,,,428.0,4530626.900966975,1919368.450341579,0.01,43.0,,,,,,,,,,,,0,
23,47,luxury,-1613714.9053819284,205.0,68612.28718201317,118854.7581460941,0.1,10.0,40.0,,,428.0,1307402.339607035,2921117.2449889635,0.01,43.0,,,,,,,,,,,,0,
24,47,luxury,825123.0369389476,208.0,45082.839296794315,274449.1487280527,0.1,11.0,71.0,,,428.0,2744491.4872805267,1919368.450341579,0.01,43.0,,,,,,,,,,,,0,
25,47,luxury,346023.67035329016,180.0,67055.96353163567,290989.23546112695,0.1,12.0,32.0,,,428.0,3200881.590072396,2854857.919719106,0.01,43.0,,,,,,,,,,,,0,
26,47,luxury,-1481217.4709226629,191.0,85192.51864608921,178815.90275102845,0.1,11.0,32.0,,,428.0,2145790.8330123415,3627008.3039350044,0.01,43.0,,,,,,,,,,,,0,
27,47,luxury,34641.76211737748,202.0,63219.394411247864,247832.78151589588,0.1,12.0,50.0,,,428.0,2726160.596674855,2691518.8345574774,0.01,43.0,,,,,,,,,,,,0,
28,47,luxury,-469706.6700476473,195.0,85278.67602877825,263414.14338019944,0.1,13.0,28.0,,,428.0,3160969.7205623933,3630676.3906100406,0.01,43.0,,,,,,,,,,,,0,
29,47,luxury,-2219770.166515182,210.0,108224.38879185567,183677.14836967623,0.1,12.0,15.0,,,428.0,2387802.928805791,4607573.095320973,0.01,43.0,,,,,,,,,,,,0,
30,47,luxury,-2045049.7073905743,238.0,86165.10717432527,135280.4859898196,0.1,11.0,22.0,,,428.0,1623365.831877835,3668415.5392684094,0.01,43.0,,,,,,,,,,,,0,
31,47,luxury,-795886.4767223215,259.0,63219.394411247864,172330.21434865054,0.1,12.0,47.0,,,428.0,1895632.357835156,2691518.8345574774,0.01,43.0,,,,,,,,,,,,0,
32,47,luxury,-628279.9689371921,255.0,84548.54271581298,247609.2947773875,0.1,13.0,43.0,,,428.0,2971311.53732865,3599591.506265842,0.01,43.0,,,,,,,,,,,,0,
33,47,luxury,-926780.8628868856,255.0,107162.59940699798,279660.5643676891,0.1,14.0,19.0,,,428.0,3635587.336779958,4562368.199666844,0.01,43.0,,,,,,,,,,,,0,
34,47,luxury,-3198242.1687154444,279.0,122945.92442039456,145434.95633806867,0.1,13.0,15.0,,,428.0,2036089.3887329616,5234331.557448406,0.01,43.0,,,,,,,,,,,,0,
35,47,luxury,-2482070.0194341224,307.0,101616.77611582942,141860.6820235322,0.1,12.0,21.0,,,428.0,1844188.8663059184,4326258.885740041,0.01,43.0,,,,,,,,,,,,0,
36,47,luxury,-1229529.8939066213,329.0,79002.71942464443,177829.35820270146,0.1,13.0,32.0,,,428.0,2133952.2984324177,3363482.192339039,0.01,43.0,,,,,,,,,,,,0,
37,47,luxury,-1826664.336095782,340.0,102286.01788314489,194468.23242989398,0.1,14.0,30.0,,,428.0,2528087.0215886217,4354751.357684404,0.01,43.0,,,,,,,,,,,,0,
38,47,luxury,-2259043.710287374,353.0,125137.21777005398,219184.32403531048,0.1,15.0,21.0,,,428.0,3068580.536494347,5327624.246781721,0.01,43.0,,,,,,,,,,,,0,
39,47,luxury,-3143206.832831536,375.0,135553.46870951695,175192.10487807557,0.1,14.0,9.0,,,428.0,2627881.5731711336,5771088.40600267,0.01,43.0,,,,,,,,,,,,0,
40,47,luxury,-3578234.2985197008,409.0,112702.26882260786,87141.5155989752,0.1,13.0,29.0,,,428.0,1219981.2183856526,4798215.516905353,0.01,43.0,,,,,,,,,,,,0,
13,55,luxury,1085559.9078840166,0.0,1543.618903377679,47430.412566128616,1.0,33.0,2192.0,,,336.0,1517773.2021161157,432213.2942320992,0.2,336.0,,,,,,,,,,,,0,
14,55,luxury,-519947.6844528777,0.0,3894.763623362608,15716.847016209096,1.0,32.0,173.0,,,336.0,518655.9515349002,1038603.6359877778,0.26,336.0,,,,,,,,,,,,0,
15,55,luxury,241580.81260963203,163.0,1652.9585757002649,21056.0658388041,1.0,33.0,1231.0,,,336.0,673794.1068417312,432213.2942320992,0.28500000000000003,336.0,,,,,,,,,,,,0,
16,55,luxury,-222421.05380925233,0.0,4145.354212368888,24994.737250740367,1.0,34.0,563.0,,,336.0,824826.3292744322,1047247.3830836845,0.33,336.0,,,,,,,,,,,,0,
17,55,luxury,-725781.140089859,0.0,8859.111040304302,40965.85339282195,1.0,35.0,328.0,,,336.0,1392839.0153559463,2118620.1554458053,0.405,336.0,,,,,,,,,,,,0,
18,55,luxury,112387.95458641415,8.0,11888.579331539222,83022.52632056603,1.0,36.0,135.0,,,336.0,2905788.4212198113,2793400.466633397,0.43000000000000005,336.0,,,,,,,,,,,,0,
19,55,luxury,-1855512.166353031,209.0,14058.160861110468,44582.17249327208,1.0,35.0,92.0,,,336.0,1604958.209757795,3460470.376110826,0.36500000000000005,336.0,,,,,,,,,,,,0,
20,55,luxury,-1095746.8045265423,453.0,8994.668034962631,36952.87997777609,1.0,34.0,94.0,,,336.0,1293350.799222163,2389097.6037487052,0.265,336.0,,,,,,,,,,,,0,
31,55,luxury,-556064.5648227343,72.0,11920.851613472081,78842.98417035415,1.0,35.0,283.0,,,336.0,2838347.4301327495,3394411.994955484,0.18,336.0,,,,,,,,,,,,0,
32,55,luxury,988651.4184735892,125.0,8482.186753999791,96388.60018893139,1.0,36.0,198.0,,,336.0,3373601.006612599,2384949.5881390097,0.195,336.0,,,,,,,,,,,,0,
33,55,luxury,-1921444.610847051,263.0,12914.005002361613,46652.02714699885,1.0,35.0,250.0,,,336.0,1679472.9772919586,3600917.5881390097,0.20500000000000002,336.0,,,,,,,,,,,,0,
