data/saved_data/run_2025_05_03_2155_new_price_weights_with_clamps/firm_data.csv
Step,AgentID,FirmType,Profit,Inventory,ProductPrice,RevenuePerEmployee,ProductionLevel,NumEmployees,DemandReceived,InventoryDemandRatio,SellThroughRate,ProductionCapacity,Revenue,Costs,Markup,ProducedUnits,IncomeBracket,NumPeople,SpendRatio,PostTaxIncome,HouseholdExpense,HouseholdSavings,HealthLevel,Welfare,SkillLevel,SkillType,JobLevel,IsEmployed,Wage
18,10,necessity,-542063.2471457813,4153.9,2916.321252249207,6402.154007570741,0.1,107.0,254.0,,,5709.0,691432.63281764,1233495.8799634213,0.35,571.0,,,,,,,,,,,,0,
19,10,necessity,2092.381946276524,4470.9,1746.3780035418597,6922.85605674111,0.1,108.0,509.0,,,5709.0,740745.5980712987,738653.2161250222,0.35,571.0,,,,,,,,,,,,0,
20,10,necessity,-320429.4834210962,4532.9,2859.2004288845333,8230.614850025988,0.1,109.0,180.0,,,5709.0,888906.4038028066,1209335.8872239029,0.35,571.0,,,,,,,,,,,,0,
21,10,necessity,-885571.6331752727,4923.9,3310.520850604272,4721.61538714877,0.1,108.0,240.0,,,5709.0,514656.077199216,1400227.7103744887,0.35,571.0,,,,,,,,,,,,0,
22,10,necessity,-135020.03513058275,5254.9,2197.698425261598,7356.713001342827,0.1,109.0,169.0,,,5709.0,794525.0041450253,929545.039275608,0.35,571.0,,,,,,,,,,,,0,
23,10,necessity,-826770.0611571007,5656.9,2832.827452631685,3407.4406776991746,0.1,108.0,190.0,,,5709.0,371411.03386921005,1198181.0950263108,0.35,571.0,,,,,,,,,,,,0,
24,10,necessity,-391307.82327558787,6037.9,2197.698425261598,4983.677925926113,0.1,109.0,507.0,,,5709.0,538237.2160000202,929545.039275608,0.35,571.0,,,,,,,,,,,,0,
25,10,necessity,-81201.5844268396,6101.9,2826.334191453941,10222.322033097525,0.1,110.0,50.0,,,5709.0,1114233.1016076303,1195434.6860344699,0.35,571.0,,,,,,,,,,,,0,
26,10,necessity,-1489285.0362515978,6622.9,3855.188008769895,1284.6973597517915,0.1,109.0,263.0,,,5709.0,141316.70957269706,1630601.7458242949,0.35,571.0,,,,,,,,,,,,0,
27,10,necessity,-181520.23972798744,6930.9,2826.334191453941,9301.967397307179,0.1,110.0,755.0,,,5709.0,1013914.4463064824,1195434.6860344699,0.35,571.0,,,,,,,,,,,,0,
28,10,necessity,449867.3326390234,6746.9,3981.4714914102915,19398.93013225205,0.1,111.0,251.0,,,5709.0,2133882.3145477255,1684014.981908702,0.35,571.0,,,,,,,,,,,,0,
29,10,necessity,-920970.5577470857,7066.9,4540.160881405924,9003.14724634219,0.1,110.0,168.0,,,5709.0,999349.3443439832,1920319.902091069,0.35,571.0,,,,,,,,,,,,0,
30,10,necessity,-668992.5781406413,7469.9,3385.0235814495722,6934.063891601774,0.1,109.0,456.0,,,5709.0,762747.0280761952,1431739.6062168365,0.35,571.0,,,,,,,,,,,,0,
31,10,necessity,377720.7936830304,7584.9,2756.3878152572297,14161.199570100964,0.1,110.0,256.0,,,5709.0,1543570.753141005,1165849.9594579746,0.35,571.0,,,,,,,,,,,,0,
32,10,necessity,-773231.7359393993,7899.9,3496.4456549468337,6414.866188235007,0.1,109.0,106.0,,,5709.0,705635.2807058508,1478867.0166452501,0.35,571.0,,,,,,,,,,,,0,
33,10,necessity,-795226.7200336102,8364.9,2756.3878152572297,3400.2132057281133,0.1,108.0,236.0,,,5709.0,370623.23942436435,1165849.9594579746,0.35,571.0,,,,,,,,,,,,0,
34,10,necessity,-201954.32199524005,8699.9,2015.4526981069612,6023.217818525057,0.1,109.0,565.0,,,5709.0,650507.5244007062,852461.8463959462,0.35,571.0,,,,,,,,,,,,0,
35,10,necessity,39.6499318475835,8705.9,2692.176909598798,10447.071325049845,0.1,110.0,399.0,,,5709.0,1138730.774430433,1138691.1244985855,0.35,571.0,,,,,,,,,,,,0,
36,10,necessity,-347405.80849368544,8877.9,3361.013888723037,9765.259881181095,0.1,109.0,286.0,,,5709.0,1074178.5869299204,1421584.3954236058,0.35,571.0,,,,,,,,,,,,0,
37,10,necessity,-177441.15232379688,9162.9,2692.176909598798,8818.807084172373,0.1,108.0,273.0,,,5709.0,961249.9721747886,1138691.1244985855,0.35,571.0,,,,,,,,,,,,0,
38,10,necessity,-117497.55007547443,9460.9,2015.4526981069612,6805.224965930294,0.1,107.0,609.0,,,5709.0,734964.2963204718,852461.8463959462,0.35,571.0,,,,,,,,,,,,0,
39,10,necessity,565840.669901779,9422.9,1564.1322763872229,11471.12797333775,0.1,108.0,547.0,,,5709.0,1227410.6931471394,661570.0232453604,0.35,571.0,,,,,,,,,,,,0,
40,10,necessity,-113312.40182396013,9446.9,2290.727179806942,7922.040325776027,0.1,107.0,544.0,,,5709.0,855580.3551838109,968892.757007771,0.35,571.0,,,,,,,,,,,,0,
41,10,necessity,584585.562569616,9473.9,1564.1322763872229,11646.313886121274,0.1,108.0,601.0,,,5709.0,1246155.5858149764,661570.0232453604,0.35,571.0,,,,,,,,,,,,0,
18,23,necessity,-1274597.5790013536,7796.0,4101.875805010148,3798.6213136410793,0.1,37.0,112.0,,,4669.0,144347.609918361,1418945.1889197147,0.35,467.0,,,,,,,,,,,,0,
19,23,necessity,-572098.7822256674,8151.0,2981.8778902362046,12416.488923273962,0.1,38.0,67.0,,,4669.0,459410.0901611366,1031508.872386804,0.35,467.0,,,,,,,,,,,,0,
20,23,necessity,-1222176.7179859148,8551.0,4110.598330497326,5257.521543311203,0.1,37.0,203.0,,,4669.0,199785.8186458257,1421962.5366317404,0.35,467.0,,,,,,,,,,,,0,
21,23,necessity,-197057.4112958468,8815.0,2981.8778902362046,22552.742191647492,0.1,38.0,249.0,,,4669.0,834451.4610909572,1031508.872386804,0.35,467.0,,,,,,,,,,,,0,
22,23,necessity,-679457.625461465,9033.0,4110.548272088501,19539.14722812671,0.1,37.0,210.0,,,4669.0,742487.5946688149,1421945.22013028,0.35,467.0,,,,,,,,,,,,0,
23,23,necessity,-168293.73524821876,9290.0,2981.8778902362046,23330.138841583383,0.1,38.0,67.0,,,4669.0,863215.1371385852,1031508.872386804,0.35,467.0,,,,,,,,,,,,0,
24,23,necessity,-1296385.710570553,9690.0,4325.121113740879,5257.521543311203,0.1,37.0,131.0,,,4669.0,199785.8186458257,1496171.5292163787,0.35,467.0,,,,,,,,,,,,0,
25,23,necessity,-464918.0064867488,10026.0,2981.8778902362046,15313.266645947437,0.1,38.0,403.0,,,4669.0,566590.8659000552,1031508.872386804,0.35,467.0,,,,,,,,,,,,0,
26,23,necessity,-206815.40422822535,10090.0,4071.716183767442,31623.59973066291,0.1,39.0,91.0,,,4669.0,1201696.7897651906,1408512.193993416,0.35,467.0,,,,,,,,,,,,0,
27,23,necessity,-1278949.7173258602,10466.0,4768.2921772964655,9500.671095457365,0.1,38.0,102.0,,,4669.0,370526.17272283725,1649475.8900486974,0.35,467.0,,,,,,,,,,,,0,
28,23,necessity,-786106.7663578459,10831.0,3678.4538837652276,12799.100054848408,0.1,39.0,91.0,,,4669.0,486365.8020842395,1272472.5684420853,0.35,467.0,,,,,,,,,,,,0,
29,23,necessity,-1318051.9000477747,11207.0,4777.8760597584105,8583.059062118864,0.1,38.0,132.0,,,4669.0,334739.3034226357,1652791.2034704103,0.35,467.0,,,,,,,,,,,,0,
30,23,necessity,-641792.9285539751,11542.0,3678.4538837652276,16596.832628634478,0.1,39.0,146.0,,,4669.0,630679.6398881102,1272472.5684420853,0.35,467.0,,,,,,,,,,,,0,
31,23,necessity,-1128148.7092325282,11863.0,4813.755916788616,13770.622231531366,0.1,38.0,160.0,,,4669.0,537054.2670297233,1665202.9762622514,0.35,467.0,,,,,,,,,,,,0,
32,23,necessity,-502271.62175590685,12170.0,3678.4538837652276,20268.445965425748,0.1,39.0,216.0,,,4669.0,770200.9466861784,1272472.5684420853,0.35,467.0,,,,,,,,,,,,0,
33,23,necessity,-852806.7734711161,12421.0,4762.154800706194,20372.975356238185,0.1,40.0,198.0,,,4669.0,794546.0388932892,1647352.8123644053,0.35,467.0,,,,,,,,,,,,0,
34,23,necessity,-907496.9654365466,12690.0,5349.132497256897,23572.66626349566,0.1,41.0,47.0,,,4669.0,942906.6505398264,1850403.615976373,0.35,467.0,,,,,,,,,,,,0,
35,23,necessity,-1908116.2628720743,13110.0,6242.739626521437,6131.932374904248,0.1,40.0,126.0,,,4669.0,251409.22737107417,2159525.4902431485,0.35,467.0,,,,,,,,,,,,0,
36,23,necessity,-998060.0533791278,13451.0,5159.038709580472,19664.629823542527,0.1,41.0,141.0,,,4669.0,786585.192941701,1784645.2463208288,0.35,467.0,,,,,,,,,,,,0,
37,23,necessity,-1446012.5967604825,13777.0,6282.955070047837,17742.05995245967,0.1,40.0,110.0,,,4669.0,727424.4580508465,2173437.054811329,0.35,467.0,,,,,,,,,,,,0,
38,23,necessity,-1093520.1886155668,14134.0,5159.038709580472,17278.12644263155,0.1,39.0,119.0,,,4669.0,691125.057705262,1784645.2463208288,0.35,467.0,,,,,,,,,,,,0,
39,23,necessity,-933310.2286955542,14482.0,4472.737415332685,15741.68221641221,0.1,38.0,56.0,,,4669.0,613925.6064400761,1547235.8351356303,0.35,467.0,,,,,,,,,,,,0,
40,23,necessity,-1055798.8438217186,14893.0,3776.161421803661,6591.402506806061,0.1,37.0,172.0,,,4669.0,250473.29525863033,1306272.139080349,0.35,467.0,,,,,,,,,,,,0,
41,23,necessity,-377292.25389277027,15188.0,2968.242445245841,17554.04769054675,0.1,38.0,239.0,,,4669.0,649499.7645502298,1026792.018443,0.35,467.0,,,,,,,,,,,,0,
19,49,luxury,2967442.9339451073,146.0,2502.9284150150133,202660.70772122373,1.0,19.0,873.0,,,314.0,3647892.7389820274,680449.80503692,0.15500000000000003,314.0,,,,,,,,,,,,0,
20,49,luxury,36233.260297014844,0.0,4368.120963955558,60597.21425825822,1.0,18.0,623.0,,,314.0,1151347.0709069062,1115113.8106098913,0.23000000000000004,314.0,,,,,,,,,,,,0,
21,49,luxury,920781.4653377271,0.0,1859.2262041454328,76199.44348233585,1.0,19.0,1499.0,,,314.0,1371589.9826820453,450808.5173443182,0.29500000000000004,314.0,,,,,,,,,,,,0,
22,49,luxury,-553911.0301016618,0.0,4855.187239290675,30726.15937377189,1.0,18.0,786.0,,,314.0,583797.0281016659,1137708.0582033277,0.34,314.0,,,,,,,,,,,,0,
23,49,luxury,1073720.275792954,0.0,2031.5097134098746,84696.04406318179,1.0,19.0,870.0,,,314.0,1524528.7931372721,450808.5173443182,0.41500000000000004,314.0,,,,,,,,,,,,0,
24,49,luxury,-487756.5892814455,0.0,5233.916968575211,33573.371053194765,1.0,18.0,544.0,,,314.0,637894.0500107006,1125650.639292146,0.46,314.0,,,,,,,,,,,,0,
25,49,luxury,1192641.4107882981,0.0,2182.2577840162608,91302.77378514536,1.0,19.0,1262.0,,,314.0,1643449.9281326164,450808.5173443182,0.52,314.0,,,,,,,,,,,,0,
26,49,luxury,-447443.7411233848,0.0,5573.18246249126,36064.68127268978,1.0,18.0,305.0,,,314.0,685228.9441811058,1132672.6853044906,0.545,314.0,,,,,,,,,,,,0,
27,49,luxury,1249012.133715516,9.0,2297.113456859222,94434.48061443523,1.0,19.0,964.0,,,314.0,1699820.6510598343,450808.5173443182,0.6000000000000001,314.0,,,,,,,,,,,,0,
28,49,luxury,-377886.3602661685,0.0,5831.086927830377,39050.928766606776,1.0,18.0,494.0,,,314.0,741967.6465655287,1119854.0068316972,0.6350000000000001,314.0,,,,,,,,,,,,0,
29,49,luxury,1380152.7779944204,0.0,2426.3260888075533,101720.07196326325,1.0,19.0,970.0,,,314.0,1830961.2953387385,450808.5173443182,0.6900000000000002,314.0,,,,,,,,,,,,0,
30,49,luxury,-363078.5022949147,0.0,6144.205373806782,40098.2311518722,1.0,18.0,345.0,,,314.0,761866.3918855718,1124944.8941804864,0.7150000000000002,314.0,,,,,,,,,,,,0,
31,49,luxury,1478471.9700310114,0.0,2555.5387207558847,107182.24929862941,1.0,19.0,1455.0,,,314.0,1929280.4873753295,450808.5173443182,0.7800000000000002,314.0,,,,,,,,,,,,0,
32,49,luxury,-372552.42623825325,0.0,6791.750698014858,42233.63991143936,1.0,18.0,400.0,,,314.0,802439.1583173478,1174991.584555601,0.8150000000000003,314.0,,,,,,,,,,,,0,
33,49,luxury,1681801.201832347,0.0,2713.4652709149564,118478.31773203697,1.0,19.0,651.0,,,314.0,2132609.7191766654,450808.5173443182,0.8900000000000003,314.0,,,,,,,,,,,,0,
34,49,luxury,-258307.71087219042,0.0,6842.355979778827,44843.58395091033,1.0,18.0,583.0,,,314.0,852028.0950672963,1110335.8059394867,0.9350000000000004,314.0,,,,,,,,,,,,0,
35,49,luxury,1697691.260306233,0.0,2857.034861968658,119361.09875836397,1.0,19.0,1305.0,,,314.0,2148499.7776505514,450808.5173443182,0.9900000000000004,314.0,,,,,,,,,,,,0,
36,49,luxury,-210169.97711290966,0.0,7158.52295572212,47216.260350429395,1.0,18.0,445.0,,,314.0,897108.9466581586,1107278.9237710682,1.0300000000000005,314.0,,,,,,,,,,,,0,
37,49,luxury,1796967.6907524276,0.0,3007.782932575045,124876.45600537477,1.0,19.0,755.0,,,314.0,2247776.208096746,450808.5173443182,1.0950000000000004,314.0,,,,,,,,,,,,0,
38,49,luxury,-143332.5808249648,0.0,7413.508073009695,49707.57056992443,1.0,18.0,359.0,,,314.0,944443.8408285641,1087776.421653529,1.1400000000000003,314.0,,,,,,,,,,,,0,
39,49,luxury,1877033.0175807262,0.0,3165.7094827341157,129324.52971805802,1.0,19.0,1171.0,,,314.0,2327841.5349250445,450808.5173443182,1.2050000000000003,314.0,,,,,,,,,,,,0,
40,49,luxury,-133565.6066891757,0.0,8008.103149391216,52317.51460939539,1.0,18.0,241.0,,,314.0,994032.7775785123,1127598.384267688,1.2300000000000002,314.0,,,,,,,,,,,,0,
31,7,necessity,-100802.71060262661,0.0,81.60219150760327,10261.70492616606,1.0,36.0,13086.0,,,7949.0,379683.0822681442,480485.7928707708,0.35,7949.0,,,,,,,,,,,,0,
32,7,necessity,452562.1552342962,0.0,33.30311332207999,18018.217230387178,1.0,37.0,73832.0,,,7949.0,648655.8202939384,196093.66505964217,0.35,7949.0,,,,,,,,,,,,0,
33,7,necessity,-189936.305690801,0.0,77.21659543736362,7154.768859384157,1.0,36.0,6353.0,,,7949.0,264726.4477972138,454662.7534880148,0.35,7949.0,,,,,,,,,,,,0,
34,7,necessity,294463.3657539289,1596.0,33.30311332207999,13626.584189265863,1.0,37.0,103052.0,,,7949.0,490557.03081357107,196093.66505964217,0.35,7949.0,,,,,,,,,,,,0,
35,7,necessity,-142985.51041882386,0.0,78.2697234214536,8591.303152952796,1.0,36.0,10323.0,,,7949.0,317878.21665925346,460863.7270780773,0.35,7949.0,,,,,,,,,,,,0,
36,7,necessity,426072.3664174925,0.0,33.30311332207999,17282.38976325374,1.0,37.0,86175.0,,,7949.0,622166.0314771347,196093.66505964217,0.35,7949.0,,,,,,,,,,,,0,
37,7,necessity,-214796.00646040728,0.0,81.43858512597181,7154.768859384157,1.0,36.0,15239.0,,,7949.0,264726.4477972138,479522.4542576211,0.35,7949.0,,,,,,,,,,,,0,
38,7,necessity,451261.6481067077,0.0,33.30311332207999,17982.092032398607,1.0,37.0,107103.0,,,7949.0,647355.3131663499,196093.66505964217,0.35,7949.0,,,,,,,,,,,,0,
39,7,necessity,-176115.0501252286,0.0,74.86929451760321,7154.768859384157,1.0,36.0,7325.0,,,7949.0,264726.4477972138,440841.4979224424,0.35,7949.0,,,,,,,,,,,,0,
40,7,necessity,352323.91728180135,624.0,33.30311332207999,15233.821731706765,1.0,37.0,100772.0,,,7949.0,548417.5823414435,196093.66505964217,0.35,7949.0,,,,,,,,,,,,0,
41,7,necessity,-178812.5378819938,0.0,78.85673333131133,7716.421365140317,1.0,36.0,9516.0,,,7949.0,285507.59051019175,464320.12839218555,0.35,7949.0,,,,,,,,,,,,0,
32,36,necessity,236499.56520357705,1326.0,137.06546016523012,19556.692674819034,1.0,27.0,11613.0,,,3064.0,547587.394894933,311087.82969135593,0.35,3064.0,,,,,,,,,,,,0,
33,36,necessity,430083.8259183721,0.0,75.62182917878987,22285.82852316149,1.0,28.0,25866.0,,,3064.0,601717.3701253602,171633.54420698812,0.35,3064.0,,,,,,,,,,,,0,
34,36,necessity,-153619.4701108866,0.0,169.77428808585807,8275.188735850434,1.0,27.0,3740.0,,,3064.0,231705.28460381215,385324.75471469876,0.35,3064.0,,,,,,,,,,,,0,
35,36,necessity,348554.874488081,0.0,75.62182917878987,19266.237729447006,1.0,28.0,28794.0,,,3064.0,520188.41869506915,171633.54420698812,0.35,3064.0,,,,,,,,,,,,0,
36,36,necessity,-196888.38438682538,0.0,188.83859430434796,8275.188735850434,1.0,27.0,3970.0,,,3064.0,231705.28460381215,428593.6689906375,0.35,3064.0,,,,,,,,,,,,0,
37,36,necessity,406967.90874153405,0.0,75.62182917878987,21429.68344253786,1.0,28.0,26924.0,,,3064.0,578601.4529485222,171633.54420698812,0.35,3064.0,,,,,,,,,,,,0,
38,36,necessity,-149895.96391508065,0.0,168.13370931213174,8275.188735850434,1.0,27.0,12095.0,,,3064.0,231705.28460381215,381601.2485188928,0.35,3064.0,,,,,,,,,,,,0,
39,36,necessity,343528.14112538355,0.0,75.62182917878987,19080.06241971747,1.0,28.0,22574.0,,,3064.0,515161.6853323717,171633.54420698812,0.35,3064.0,,,,,,,,,,,,0,
40,36,necessity,-164162.24589440745,0.0,174.41944059992724,8275.188735850434,1.0,27.0,4134.0,,,3064.0,231705.28460381215,395867.5304982196,0.35,3064.0,,,,,,,,,,,,0,
32,48,luxury,529616.0586797125,507.0,32279.307465762988,61393.66573825996,0.1,32.0,93.0,,,495.0,1903203.6378860588,1373587.5792063463,0.17499999999999993,50.0,,,,,,,,,,,,0,
33,48,luxury,658197.9266127902,464.0,53203.75199278686,93811.73732237368,0.1,33.0,45.0,,,495.0,3001975.5943159577,2343777.6677031675,0.13499999999999993,50.0,,,,,,,,,,,,0,
34,48,luxury,-485516.810061513,469.0,61337.30311265037,72550.57089925482,0.1,32.0,58.0,,,495.0,2394168.839675409,2879685.649736922,0.06499999999999993,50.0,,,,,,,,,,,,0,
35,48,luxury,1648068.019293621,461.0,38571.80956561385,111173.8618916788,0.1,33.0,42.0,,,495.0,3557563.5805337215,1909495.5612401005,0.01,50.0,,,,,,,,,,,,0,
36,48,luxury,-1229713.0708124302,469.0,57564.52611458736,49091.39399259944,0.1,32.0,36.0,,,495.0,1620016.0017557815,2849729.0725682117,0.01,50.0,,,,,,,,,,,,0,
37,48,luxury,162827.37888504448,483.0,38571.80956561385,64760.09187891078,0.1,33.0,39.0,,,495.0,2072322.940125145,1909495.5612401005,0.01,50.0,,,,,,,,,,,,0,
38,48,luxury,-1338678.3673769836,494.0,57428.173448242196,45584.86585027091,0.1,32.0,30.0,,,495.0,1504300.57305894,2842978.9404359236,0.01,50.0,,,,,,,,,,,,0,
39,48,luxury,-186650.35779283475,514.0,38571.80956561385,53838.912607727056,0.1,33.0,51.0,,,495.0,1722845.2034472658,1909495.5612401005,0.01,50.0,,,,,,,,,,,,0,
40,48,luxury,-855918.4844111062,513.0,57026.23045907512,59610.97841958504,0.1,34.0,28.0,,,495.0,1967162.287846306,2823080.7722574123,0.01,50.0,,,,,,,,,,,,0,
